// Jest Snapshot v1, https://goo.gl/fbAQLP

exports[`should render boots 1`] = `
<div
  className="itembox normal"
>
  <div
    className="header"
  >
    <span
      className="name-left"
    />
    <div
      className="item-name typeline"
    >
      Iron Greaves
    </div>
    <span
      className="name-right"
    />
  </div>
  <div
    className="content"
  >
    <div
      className="display-property"
    >
      <span>
        Armour
      </span>
      :
       
      <span
        className="value simple"
      >
        6
      </span>
    </div>
    <div
      className="separator"
    />
    <div>
      Requires 
      <span>
        Level 
      </span>
      <span
        className="value"
      >
        1
      </span>
      , 
      <span
        className="value"
      >
        8
      </span>
      <span>
         Str
      </span>
    </div>
  </div>
</div>
`;
