// Jest Snapshot v1, https://goo.gl/fbAQLP

exports[`should match the curated list of Bestiary Aspect mods 1`] = `
Array [
  "GrantsCatAspectCrafted",
  "GrantsBirdAspectCrafted",
  "GrantsSpiderAspectCrafted",
  "GrantsCrabAspectCrafted",
]
`;

exports[`should match the curated list of Elder mods 1`] = `
Array [
  "IncreasedDurationBootsUber1",
  "SupportedByFortifyUber1",
  "ImmuneToShockedGroundUber1",
  "ImmuneToDesecratedGroundUber1_",
  "ChanceToDodgeSpellsUber1",
  "ChanceToDodgeSpellsUber2",
  "ChanceToDodgeSpellsUber3",
  "ChanceToAvoidStunUber1",
  "ChanceToAvoidStunUber2",
  "ChanceToAvoidStunUber3",
  "ChanceToGainEnduranceChargeOnKillUber1",
  "ChanceToGainEnduranceChargeOnKillUber2",
  "TotemDamageSpellUber1",
  "TotemDamageSpellUber2",
  "TotemDamageSpellUber3",
  "TotemSpeedSpellUber1_",
  "TotemSpeedSpellUber2",
  "TotemSpeedSpellUber3",
  "IncreasedAttackSpeedUber1",
  "IncreasedAttackSpeedUber2_",
  "IncreasedAttackSpeedUber3",
  "IncreasedAttackAndCastSpeedUber1_",
  "IncreasedAttackAndCastSpeedUber2",
  "IncreasedAttackAndCastSpeedUber3_",
  "ProjectileSpeedUber1",
  "ProjectileSpeedUber2",
  "ProjectileSpeedUber3_",
  "IncreasedMeleeWeaponRangeUber1",
  "PoisonDamageSupportedUber1_",
  "PoisonDamageSupportedUber2",
  "PoisonDamageSupportedUber3",
  "PoisonDurationSupportedUber1",
  "PoisonDurationSupportedUber2",
  "PoisonDurationSupportedUber3",
  "BleedingDamageUber1",
  "BleedingDamageUber2",
  "BleedingDamageUber3",
  "ChanceToGainFrenzyChargeOnKillUberElder1",
  "ChanceToGainFrenzyChargeOnKillUberElder2_",
  "IncreasedAccuracySupportedUber1",
  "IncreasedAccuracySupportedUber2",
  "IncreasedAccuracySupportedUber3",
  "AdditionalBlockChanceUber1",
  "AdditionalBlockChanceUber2",
  "SocketedAttackCriticalMultiplierUber1_",
  "SocketedAttackCriticalMultiplierUber2",
  "SocketedAttackCriticalMultiplierUber3",
  "AreaDamageSupportedUber1",
  "AreaDamageSupportedUber2_",
  "AreaDamageSupportedUber3",
  "MaximumManaUber1",
  "MaximumManaUber2_",
  "MinionDamageSupportedUber1",
  "MinionDamageSupportedUber2",
  "MinionDamageSupportedUber3",
  "MinionLifeSupportedUber1",
  "MinionLifeSupportedUber2",
  "MinionLifeSupportedUber3",
  "IgniteDurationSupportedUber1",
  "IgniteDurationSupportedUber2",
  "IgniteDurationSupportedUber3",
  "IncreasedBurningDamageSupportedUber1",
  "IncreasedBurningDamageSupportedUber2",
  "IncreasedBurningDamageSupportedUber3",
  "SupportedByLessDurationUber1",
  "SpellAddedFireDamageUber1",
  "SpellAddedFireDamageUber2",
  "SpellAddedFireDamageUber3",
  "SpellAddedPhysicalDamageUber1",
  "SpellAddedPhysicalDamageUber2",
  "SpellAddedPhysicalDamageUber3",
  "SpellAddedChaosDamageUber1",
  "SpellAddedChaosDamageUber2",
  "SpellAddedChaosDamageUber3",
  "AdditionalSpellBlockChanceUber1",
  "AdditionalSpellBlockChanceUber2",
  "SocketedAttackCriticalStrikeChanceUber1__",
  "SocketedAttackCriticalStrikeChanceUber2",
  "SocketedAttackCriticalStrikeChanceUber3",
  "LocalIncreaseSocketedSupportGemLevelUber1",
  "PhysicalDamageTakenAsFirePercentUber1",
  "PhysicalDamageTakenAsFirePercentUber2",
  "ReducedPhysicalReflectTakenUber1",
  "ReducedPhysicalReflectTakenUber2",
  "MaximumLifeUber1",
  "MaximumLifeUber2",
  "MaximumLifeOnKillPercentUber1",
  "MaximumLifeOnKillPercentUber2__",
  "PercentageStrengthUber1_",
  "PercentageStrengthUber2__",
  "PercentageDexterityUber1",
  "PercentageDexterityUber2",
  "LifeRegenerationRatePercentUber1",
  "LifeRegenerationRatePercentUber2",
  "AdditionalCriticalStrikeChanceWithAttacksUber1",
  "AdditionalCriticalStrikeChanceWithAttacksUber2",
  "GrantsWrathAuraUber1",
  "GrantsAngerAuraUber1",
  "GrantsHatredAuraUber1__",
  "GrantsEnvyAuraUber1",
  "FireDamageLifeLeechUber1",
  "PhysicalDamageLifeLeechUber1",
  "PercentageAllAttributesUberElder1",
  "PercentageAllAttributesUberElder2",
  "AreaOfEffectUber1_",
  "AreaOfEffectUber2",
  "AreaOfEffectUber3_",
  "AdditionalPierceUber1",
  "ReducedPhysicalDamageTakenUber1",
  "PhysicalAddedAsFireAmuletUber1",
  "PhysicalAddedAsFireAmuletUber2",
  "IncreasedAttackSpeedAmuletUber1",
  "NonChaosAddedAsChaosUber1",
  "MaximumZombiesUber1",
  "MaximumSkeletonsUber1",
  "MaximumLifeLeechRateUber1",
  "DamagePer15StrengthUber1",
  "MeleeDamageRingUber1",
  "MeleeDamageRingUber2",
  "MeleeDamageRingUber3",
  "ProjectileAttackDamageRingUber1",
  "ProjectileAttackDamageRingUber2",
  "ProjectileAttackDamageRingUber3",
  "ReducedPhysicalReflectTakenRingUber1",
  "ReducedPhysicalReflectTakenRingUber2",
  "CriticalStrikeMultiplierUber1",
  "CriticalStrikeMultiplierUber2_",
  "CriticalStrikeMultiplierUber3",
  "AddedFireDamageToSpellsAndAttacksUber1",
  "AddedFireDamageToSpellsAndAttacksUber2",
  "LifeGainPerTargetUber1",
  "LifeGainPerTargetUber2",
  "ManaGainPerTargetUberElder1",
  "IncreasedAccuracyPercentUber1_",
  "IncreasedAccuracyPercentUber2",
  "IncreasedAccuracyPercentUber3",
  "CurseOnHitPoachersMarkUber1",
  "CurseOnHitPoachersMarkUber2",
  "CurseOnHitWarlordsMarkUber1_",
  "CurseOnHitWarlordsMarkUber2",
  "GrantsHeraldOfAshSkillUber1",
  "AdditionalChanceToEvadeUber1__",
  "AdditionalChanceToEvadeUber2",
  "ChanceToIgniteAddedDamageUber1",
  "ChanceToIgniteAddedDamageUber2__",
  "MaximumLifeIncreasePercentBeltUber1",
  "MaximumLifeIncreasePercentBeltUber2",
  "FlaskEffectUber1",
  "FlaskEffectUber2",
  "AllResistancesBeltUber1",
  "AllResistancesBeltUber2",
  "LifeRecoveryRateUber1",
  "LifeRecoveryRateUber2_",
  "FlaskChanceToNotConsumeChargesUber1_",
  "ChaosResistanceWhileUsingFlaskUber1",
  "ChaosResistanceWhileUsingFlaskUber2_",
  "FortifyOnMeleeStunUber1",
  "GrantsEnduringCrySkillUber1",
  "GrantsRallyingCrySkillUber1",
  "RemoveIgniteOnFlaskUseUber1",
  "AttackSpeedDuringFlaskEffectUber1",
  "MeleeDamageDuringFlaskEffectUber1",
  "MeleeDamageDuringFlaskEffectUber2_",
  "MeleeDamageDuringFlaskEffectUber3",
  "ProjectileAttackDamageDuringFlaskEffectUber1_",
  "ProjectileAttackDamageDuringFlaskEffectUber2_",
  "ProjectileAttackDamageDuringFlaskEffectUber3",
  "PoisonOnHitQuiverUber1_",
  "PoisonOnHitQuiverUber2",
  "BleedOnHitQuiverUber1",
  "BleedOnHitQuiverUber2_",
  "ChancetoGainPhasingOnKillUber1",
  "ChancetoGainPhasingOnKillUber2_",
  "ChancetoGainPhasingOnKillUber3_",
  "AddedColdDamagePerFrenzyChargeUber1",
  "MaximumFireResistanceUber1",
  "MaximumFireResistanceUber2",
  "SupportedByCastOnDamageTakenUber1",
  "MaximumLifeIncreasePercentShieldUber1",
  "MaximumLifeIncreasePercentShieldUber2",
  "GainArmourIfBlockedRecentlyUber1",
  "GainArmourIfBlockedRecentlyUber2",
  "AdditionalBlockWith5NearbyEnemiesUber1",
  "AdditionalBlockWith5NearbyEnemiesUber2",
  "DamagePerBlockChanceUber1_",
  "LocalIncreasedPhysicalDamagePercentMeleePhysicalUber1",
  "LocalIncreasedPhysicalDamagePercentMeleePhysicalUber2",
  "LocalIncreasedPhysicalDamagePercentMeleePhysicalUber3",
  "LocalIncreasedPhysicalDamagePercentBrutalityUber1",
  "LocalIncreasedPhysicalDamagePercentBrutalityUber2_",
  "LocalIncreasedPhysicalDamagePercentBrutalityUber3",
  "LocalIncreasedPhysicalDamagePercentRuthlessUber1",
  "LocalIncreasedPhysicalDamagePercentRuthlessUber2__",
  "LocalIncreasedPhysicalDamagePercentRuthlessUber3",
  "LocalIncreasedPhysicalDamagePercentOnslaughtUber1",
  "LocalIncreasedPhysicalDamagePercentOnslaughtUber2",
  "LocalIncreasedPhysicalDamagePercentOnslaughtUber3",
  "LocalIncreasedPhysicalDamagePercentEnduranceChargeOnStunUber1",
  "LocalIncreasedPhysicalDamagePercentEnduranceChargeOnStunUber2",
  "LocalIncreasedPhysicalDamagePercentEnduranceChargeOnStunUber3",
  "LocalIncreasedPhysicalDamagePercentFortifyUber1",
  "LocalIncreasedPhysicalDamagePercentFortifyUber2_",
  "LocalIncreasedPhysicalDamagePercentFortifyUber3",
  "LocalIncreasedPhysicalDamagePercentPowerChargeOnCritUber1",
  "LocalIncreasedPhysicalDamagePercentPowerChargeOnCritUber2",
  "LocalIncreasedPhysicalDamagePercentPowerChargeOnCritUber3",
  "LocalIncreasedPhysicalDamagePercentIronGripUber1",
  "LocalIncreasedPhysicalDamagePercentIronGripUber2_",
  "LocalIncreasedPhysicalDamagePercentIronGripUber3",
  "LocalIncreasedPhysicalDamagePercentFasterProjectilesUber1",
  "LocalIncreasedPhysicalDamagePercentFasterProjectilesUber2_",
  "LocalIncreasedPhysicalDamagePercentFasterProjectilesUber3",
  "LocalIncreasedPhysicalDamagePercentProjectileAttackDamageUber1",
  "LocalIncreasedPhysicalDamagePercentProjectileAttackDamageUber2",
  "LocalIncreasedPhysicalDamagePercentProjectileAttackDamageUber3",
  "SupportedBySpiritStrikeAreaUber1_",
  "SupportedBySpiritStrikeAreaUber2",
  "SupportedBySpiritStrikeAreaUber3",
  "LocalIncreasedAttackSpeedMultistrikeUber1_",
  "LocalIncreasedAttackSpeedMultistrikeUber2",
  "LocalIncreasedAttackSpeedRangedOnslaughtUber1",
  "LocalIncreasedAttackSpeedRangedOnslaughtUber2",
  "LocalIncreasedAttackSpeedTwoHandedKilledRecentlyUber1",
  "LocalIncreasedAttackSpeedTwoHandedKilledRecentlyUber2",
  "LocalIncreasedAttackSpeedRangedKilledRecentlyUber1",
  "LocalIncreasedAttackSpeedRangedKilledRecentlyUber2",
  "CriticalStrikeChanceTwoHandedCritMultiRecentlyUber1_",
  "CriticalStrikeChanceTwoHandedCritMultiRecentlyUber2",
  "CriticalMultiplierSupportedUber1",
  "CriticalMultiplierSupportedUber2",
  "ChanceToPoisonUber1",
  "ChanceToPoisonUber2",
  "ChanceToBleedUber1",
  "ChanceToBleedUber2",
  "UnholyMightOnKillUber1",
  "UnholyMightOnKillUber2_",
  "UnholyMightOnKillUber3",
  "BlindOnHitUber1",
  "BlindOnHitUber2",
  "BlindOnHitUber3",
  "PhysicalDamageWhileDualWieldingUber1",
  "PhysicalDamageWhileDualWieldingUber2",
  "PhysicalDamageWhileDualWieldingUber3",
  "PhysicalDamageConvertedToChaosUber1",
  "PhysicalDamageConvertedToChaosUber2",
  "PhysicalDamageConvertedToChaosUber3",
  "CullingStrikeUber1",
  "MeleeWeaponRangeUber1",
  "MeleeWeaponRangeUber2",
  "AreaOfEffectTwoHandedWeaponUber1",
  "AreaOfEffectTwoHandedWeaponUber2",
  "AreaOfEffectTwoHandedWeaponUber3",
  "AdditionalArrowsUber1",
  "SpellDamageOnWeaponEfficacyUber1_",
  "SpellDamageOnWeaponEfficacyUber2",
  "SpellDamageOnWeaponEfficacyUber3",
  "SpellDamageOnWeaponReducedManaUber1",
  "SpellDamageOnWeaponReducedManaUber2_",
  "SpellDamageOnWeaponReducedManaUber3__",
  "FireDamagePrefixOnWeaponFirePenetrationUber1",
  "FireDamagePrefixOnWeaponFirePenetrationUber2_",
  "FireDamagePrefixOnWeaponFirePenetrationUber3",
  "IncreasedCastSpeedSpellEchoUber1",
  "IncreasedCastSpeedSpellEchoUber2",
  "IncreasedCastSpeedTwoHandedAvoidInterruptionUber1",
  "IncreasedCastSpeedTwoHandedAvoidInterruptionUber2",
  "ChanceToFreezeShockIgniteUnboundAilmentsUber1",
  "ChanceToFreezeShockIgniteUnboundAilmentsUber2",
  "PoisonDurationWeaponSupportedUber1_",
  "PoisonDurationWeaponSupportedUber2",
  "SupportedByIncreasedAreaOfEffectDamageUber1_",
  "SupportedByIncreasedAreaOfEffectDamageUber2",
  "SupportedByIncreasedAreaOfEffectDamageUber3_",
  "SupportedByLesserMultipleProjectilesDamageUber1",
  "SupportedByLesserMultipleProjectilesDamageUber2",
  "SupportedByLesserMultipleProjectilesDamageUber3_",
  "SpellAddedPhysicalDamageWeaponUber1",
  "SpellAddedPhysicalDamageWeaponUber2_",
  "SpellAddedPhysicalDamageWeaponUber3",
  "SpellAddedPhysicalDamageTwoHandWeaponUber1_",
  "SpellAddedPhysicalDamageTwoHandWeaponUber2",
  "SpellAddedPhysicalDamageTwoHandWeaponUber3",
  "SpellAddedChaosDamageWeaponUber1",
  "SpellAddedChaosDamageWeaponUber2",
  "SpellAddedChaosDamageWeaponUber3_",
  "SpellAddedChaosDamageTwoHandWeaponUber1",
  "SpellAddedChaosDamageTwoHandWeaponUber2",
  "SpellAddedChaosDamageTwoHandWeaponUber3",
  "SpellDamagePer16StrengthUber1",
  "SpellDamagePer16DexterityUber1__",
  "SpellDamagePer16IntelligenceUber1",
  "SpellDamagePer10StrengthUber1",
  "SpellDamagePer10IntelligenceUber1_",
  "PowerChargeOnBlockUber1",
  "SpellBlockStaffUber1_",
  "IncreasedDamagePerPowerChargeUber1",
  "IncreaseProjectileAttackDamagePerAccuracyUber1",
  "CriticalStrikeChanceAgainstPoisonedEnemiesUber1",
  "GainRareMonsterModsOnKillChanceUber1",
  "LifeGainPerBlindedEnemyHitUber1",
  "AdditionalBlockChancePerEnduranceChargeUber1_",
  "GainEnduranceChargeWhileStationaryUber1",
  "CullingStrikeOnBleedingEnemiesUber1",
  "GainEnduranceChargeOnHittingBleedingEnemyUber1",
  "AreaOfEffectPer50StrengthUber1",
  "AreaOfEffectIfStunnedEnemyRecentlyUber1___",
  "MeleeWeaponRangeIfKilledRecentlyUber1",
  "RemoveBleedingOnWarcryUber1",
  "AreaOfEffectPerEnduranceChargeUber1",
  "ChaosNonAilmentDamageOverTimeMultiplierUber1",
  "ChaosNonAilmentDamageOverTimeMultiplierUber2",
]
`;

exports[`should match the curated list of Master Signature mods 1`] = `
Array [
  "AllDamageMasterVendorItem",
  "LocalIncreaseSocketedSupportGemLevelIntMasterVendorItem",
  "ReduceGlobalFlatManaCostStrIntMasterVendor",
  "LifeLeechSpeedDexIntMasterVendorItem",
  "SocketedGemQualityStrMasterVendorItem",
  "BleedOnHitGainedDexMasterVendorItemUpdated_",
  "AlwaysHitsStrDexMasterVendorItem",
  "MapQuantityAddedAsRarityVendorItem",
]
`;

exports[`should match the curated list of Shaped mods 1`] = `
Array [
  "IncreasedCooldownRecoveryBootsUber1",
  "ImmuneToChilledGroundUber1",
  "ImmuneToBurningGroundUber1",
  "ChanceToDodgeUber1",
  "ChanceToDodgeUber2",
  "ChanceToDodgeUber3",
  "ChanceToAvoidElementalAilmentsUber1_",
  "ChanceToAvoidElementalAilmentsUber2",
  "ChanceToAvoidElementalAilmentsUber3",
  "ChanceToAvoidProjectilesUber1",
  "ChanceToAvoidProjectilesUber2",
  "TotemDamageAttackUber1",
  "TotemDamageAttackUber2_",
  "TotemDamageAttackUber3",
  "TotemSpeedAttackUber1",
  "TotemSpeedAttackUber2",
  "TotemSpeedAttackUber3",
  "SupportedByLifeLeechUber1",
  "GrantsDecoyTotemSkillUber1",
  "IncreasedCastSpeedUber1",
  "IncreasedCastSpeedUber2",
  "IncreasedCastSpeedUber3",
  "SupportedByManaLeechUber1",
  "ProjectileDamageUber1",
  "ProjectileDamageUber2",
  "ProjectileDamageUber3",
  "ChanceToAvoidInterruptionWhileCastingUber1_",
  "ChanceToAvoidInterruptionWhileCastingUber2",
  "ChanceToAvoidInterruptionWhileCastingUber3",
  "AdditionalTrapsThrownSupportedUber1",
  "AdditionalTrapsThrownSupportedUber2",
  "AdditionalTrapsThrownSupportedUber3",
  "TrapDamageUber1",
  "TrapDamageUber2",
  "TrapDamageUber3",
  "TrapDamageCooldownUber1_",
  "TrapDamageCooldownUber2",
  "TrapDamageCooldownUber3_",
  "TrapSpeedCooldownUber1",
  "TrapSpeedCooldownUber2",
  "TrapSpeedCooldownUber3",
  "TrapDamageMineUber1",
  "TrapDamageMineUber2_",
  "TrapDamageMineUber3",
  "ChanceToGainFrenzyChargeOnKillUberShaper1",
  "ChanceToGainFrenzyChargeOnKillUberShaper2_",
  "BlindOnHitSupportedUber1",
  "BlindOnHitSupportedUber2",
  "BlindOnHitSupportedUber3",
  "SocketedSpellCriticalMultiplierUber1",
  "SocketedSpellCriticalMultiplierUber2",
  "SocketedSpellCriticalMultiplierUber3",
  "AreaOfEffectSupportedUber1_",
  "AreaOfEffectSupportedUber2",
  "AreaOfEffectSupportedUber3",
  "AdditionalMinesPlacedSupportedUber1_",
  "AdditionalMinesPlacedSupportedUber2",
  "AdditionalMinesPlacedSupportedUber3",
  "MineDamageUber1",
  "MineDamageUber2",
  "MineDamageUber3",
  "MineDamageTrapUber1",
  "MineDamageTrapUber2",
  "MineDamageTrapUber3",
  "IncreasedChillEffectSupportedUber1",
  "IncreasedChillEffectSupportedUber2",
  "IncreasedChillEffectSupportedUber3",
  "IncreasedShockEffectSupportedUber1",
  "IncreasedShockEffectSupportedUber2___",
  "IncreasedShockEffectSupportedUber3_",
  "ChanceToGainPowerChargeOnKillUber1",
  "ChanceToGainPowerChargeOnKillUber2",
  "SpellAddedColdDamageUber1",
  "SpellAddedColdDamageUber2",
  "SpellAddedColdDamageUber3",
  "SpellAddedLightningDamageUber1",
  "SpellAddedLightningDamageUber2",
  "SpellAddedLightningDamageUber3",
  "ManaRegenerationUber1",
  "ManaRegenerationUber2",
  "AddedManaRegenerationUber1",
  "AddedManaRegenerationUber2",
  "SocketedSpellCriticalStrikeChanceUber1_",
  "SocketedSpellCriticalStrikeChanceUber2",
  "SocketedSpellCriticalStrikeChanceUber3",
  "LocalIncreaseSocketedActiveGemLevelUber1",
  "PhysicalDamageTakenAsColdPercentUber1",
  "PhysicalDamageTakenAsColdPercentUber2",
  "PhysicalDamageTakenAsLightningPercentUber1",
  "PhysicalDamageTakenAsLightningPercentUber2___",
  "ReducedElementalReflectTakenUber1",
  "ReducedElementalReflectTakenUber2",
  "DamageTakenFromManaBeforeLifeUber1_",
  "MaximumManaOnKillPercentUber1",
  "MaximumManaOnKillPercentUber2",
  "MaximumEnergyShieldOnKillPercentUber1",
  "MaximumEnergyShieldOnKillPercentUber2",
  "PercentageIntelligenceUber1",
  "PercentageIntelligenceUber2",
  "SupportedByItemRarityUber1",
  "SupportedByItemRarityUber2",
  "AdditionalCriticalStrikeChanceWithSpellsUber1_",
  "AdditionalCriticalStrikeChanceWithSpellsUber2_",
  "GrantsDeterminationAuraUber1_",
  "GrantsGraceAuraUber1",
  "GrantsDisciplineAuraUber1",
  "GrantsHasteAuraUber1",
  "GrantsVitalityAuraUber1",
  "GrantsClarityAuraUber1",
  "ReducedAttributeRequirementsUber1",
  "ReducedAttributeRequirementsUber2",
  "ColdDamageLifeLeechUber1_",
  "LightningDamageLifeLeechUber1",
  "MovementVelocityAmuletUber1",
  "MovementVelocityAmuletUber2",
  "SpellBlockAmuletUber1_",
  "SpellBlockAmuletUber2_",
  "PercentageAllAttributesUberShaper1",
  "PercentageAllAttributesUberShaper2",
  "ReducedManaReservedUber1",
  "ItemFoundQuantityIncreaseUber1",
  "ItemFoundQuantityIncreaseUber2",
  "PhysicalAddedAsColdAmuletUber1",
  "PhysicalAddedAsColdAmuletUber2",
  "PhysicalAddedAsLightningAmuletUber1",
  "PhysicalAddedAsLightningAmuletUber2_",
  "PowerFrenzyOrEnduranceChargeOnKillUber1_",
  "PowerFrenzyOrEnduranceChargeOnKillUber2",
  "MaximumBlockChanceUber1",
  "ElementalPenetrationUber1",
  "ElementalPenetrationUber2",
  "DamagePer15DexterityUber1",
  "DamagePer15IntelligenceUber1",
  "ReducedCurseEffectUber1_",
  "ReducedCurseEffectUber2",
  "SpellDamageRingUber1",
  "SpellDamageRingUber2",
  "SpellDamageRingUber3__",
  "ReducedElementalReflectTakenRingUber1",
  "ReducedElementalReflectTakenRingUber2",
  "CriticalStrikeChanceUber1",
  "CriticalStrikeChanceUber2",
  "CriticalStrikeChanceUber3_",
  "AddedColdDamageToSpellsAndAttacksUber1__",
  "AddedColdDamageToSpellsAndAttacksUber2",
  "AddedLightningDamageToSpellsAndAttacksUber1",
  "AddedLightningDamageToSpellsAndAttacksUber2",
  "IncreasedExperienceGainUber1",
  "ManaGainPerTargetUberShaper1",
  "LifeGainedOnSpellHitUber1",
  "LifeGainedOnSpellHitUber2",
  "ManaGainedOnSpellHitUber1_",
  "CurseOnHitAssassinsMarkUber1",
  "CurseOnHitAssassinsMarkUber2",
  "GrantsHeraldOfIceSkillUber1",
  "GrantsHeraldOfThunderSkillUber1",
  "ChanceToFreezeAddedDamageUber1",
  "ChanceToFreezeAddedDamageUber2",
  "ChanceToShockAddedDamageUber1",
  "ChanceToShockAddedDamageUber2",
  "PhysicalAttackDamageTakenUber1_",
  "PhysicalAttackDamageTakenUber2",
  "IncreasedCooldownRecoveryUber1",
  "IncreasedCooldownRecoveryUber2_",
  "GlobalEnergyShieldPercentBeltUber1",
  "GlobalEnergyShieldPercentBeltUber2",
  "ReducedCriticalStrikeDamageTakenUber1",
  "ReducedCriticalStrikeDamageTakenUber2",
  "EnergyShieldRecoveryRateUber1",
  "EnergyShieldRecoveryRateUber2",
  "ManaRecoveryRateUber1_",
  "ManaRecoveryRateUber2",
  "MovementSpeedDuringFlaskEffectUber1",
  "GrantsAbyssalCrySkillUber1",
  "RemoveFreezeOnFlaskUseUber1_",
  "RemoveShockOnFlaskUseUber1_",
  "CastSpeedDuringFlaskEffectUber1",
  "SpellDamageDuringFlaskEffectUber1",
  "SpellDamageDuringFlaskEffectUber2",
  "SpellDamageDuringFlaskEffectUber3_",
  "AdditionalArrowUber1__",
  "MaimOnHitQuiverUber1",
  "MaimOnHitQuiverUber2",
  "PhysicalAddedAsColdQuiverUber1",
  "PhysicalAddedAsColdQuiverUber2",
  "MovementVelocityQuiverUber1",
  "MovementVelocityQuiverUber2",
  "MaximumColdResistanceUber1",
  "MaximumColdResistanceUber2",
  "MaximumLightningResistanceUber1",
  "MaximumLightningResistanceUber2",
  "MaximumAllResistanceUber1",
  "DisplaySocketedGemsGetReducedReservationUber1",
  "DisplaySocketedGemsGetReducedReservationUber2",
  "SpellBlockOnShieldUber1",
  "SpellBlockOnShieldUber2_",
  "GainRandomChargeOnBlockUber1__",
  "ChanceToDodgeIfBlockedRecentlyUber1",
  "ChanceToChillAttackersOnBlockUber1",
  "ChanceToChillAttackersOnBlockUber2",
  "ChanceToShockAttackersOnBlockUber1",
  "ChanceToShockAttackersOnBlockUber2",
  "RecoverLifePercentOnBlockUber1_",
  "RecoverManaPercentOnBlockUber1",
  "RecoverEnergyShieldPercentOnBlockUber1",
  "LocalIncreasedPhysicalDamagePercentAddedFireUber1",
  "LocalIncreasedPhysicalDamagePercentAddedFireUber2",
  "LocalIncreasedPhysicalDamagePercentAddedFireUber3_",
  "SupportedByMeleeSplashDamageUber1",
  "SupportedByMeleeSplashDamageUber2",
  "SupportedByMeleeSplashDamageUber3",
  "LocalIncreasedAttackSpeedFasterAttacksUber1",
  "LocalIncreasedAttackSpeedFasterAttacksUber2",
  "LocalIncreasedAttackSpeedRangedFasterAttacksUber1",
  "LocalIncreasedAttackSpeedRangedFasterAttacksUber2_",
  "LocalIncreasedAttackSpeedTwoHandedDoubleDamageUber1",
  "LocalIncreasedAttackSpeedTwoHandedDoubleDamageUber2",
  "LocalIncreasedAttackSpeedRangedDoubleDamageUber1",
  "LocalIncreasedAttackSpeedRangedDoubleDamageUber2",
  "CriticalStrikeChanceSupportedUber1",
  "CriticalStrikeChanceSupportedUber2",
  "CriticalStrikeChanceTwoHandedCritChanceRecentlyUber1_",
  "CriticalStrikeChanceTwoHandedCritChanceRecentlyUber2",
  "CriticalMultiplierSupportedTwoHandedUber1",
  "CriticalMultiplierSupportedTwoHandedUber2",
  "WeaponElementalDamageSupportedUber1",
  "WeaponElementalDamageSupportedUber2",
  "ChanceToMaimUber1",
  "ChanceToMaimUber2",
  "PhysicalAddedAsFireUber1_",
  "PhysicalAddedAsFireUber2",
  "PhysicalAddedAsFireUber3",
  "PhysicalAddedAsColdUber1",
  "PhysicalAddedAsColdUber2",
  "PhysicalAddedAsColdUber3",
  "PhysicalAddedAsLightningUber1",
  "PhysicalAddedAsLightningUber2",
  "PhysicalAddedAsLightningUber3",
  "OnslaugtOnKillUber1",
  "OnslaugtOnKillUber2",
  "OnslaugtOnKillUber3",
  "BlindOnHitShaperUber1",
  "BlindOnHitShaperUber2",
  "BlindOnHitShaperUber3",
  "BlockWhileDualWieldingUber1",
  "BlockWhileDualWieldingUber2",
  "BlockWhileDualWieldingUber3_",
  "ElementalPenetrationWeaponUber1",
  "ElementalPenetrationWeaponUber2",
  "ElementalPenetrationWeaponUber3",
  "AddedFireDamagePerStrengthUber1",
  "AddedFireDamagePerStrengthTwoHandedUber1",
  "AddedColdDamagePerDexterityUber1",
  "AddedColdDamagePerDexterityTwoHandedUber1",
  "AddedLightningDamagePerIntelligenceUber1",
  "AddedLightningDamagePerIntelligenceTwoHandedUber1",
  "SupportedByCastOnCritUber1",
  "SupportedByCastOnCritUber2",
  "SupportedByCastOnMeleeKillUber1",
  "SupportedByCastOnMeleeKillUber2",
  "SupportedByCastWhileChannellingUber1_",
  "SupportedByCastWhileChannellingUber2_",
  "MovementVelocityTwoHandedWeaponUber1",
  "MovementVelocityTwoHandedWeaponUber2",
  "AdditionalPierceRangedUber1",
  "AdditionalPierceRangedUber2",
  "SpellDamageOnWeaponControlledDestructionUber1_",
  "SpellDamageOnWeaponControlledDestructionUber2_",
  "SpellDamageOnWeaponControlledDestructionUber3",
  "SpellDamageOnWeaponArcaneSurgeUber1",
  "SpellDamageOnWeaponArcaneSurgeUber2",
  "SpellDamageOnWeaponArcaneSurgeUber3",
  "SpellDamageOnWeaponPowerChargeOnCritUber1",
  "SpellDamageOnWeaponPowerChargeOnCritUber2",
  "SpellDamageOnWeaponPowerChargeOnCritUber3_",
  "ElementalDamagePrefixOnWeaponElementalFocusUber1_",
  "ElementalDamagePrefixOnWeaponElementalFocusUber2",
  "ElementalDamagePrefixOnWeaponElementalFocusUber3",
  "ColdDamagePrefixOnWeaponColdPenetrationUber1",
  "ColdDamagePrefixOnWeaponColdPenetrationUber2",
  "ColdDamagePrefixOnWeaponColdPenetrationUber3",
  "LightningDamagePrefixOnWeaponLightningPenetrationUber1",
  "LightningDamagePrefixOnWeaponLightningPenetrationUber2",
  "LightningDamagePrefixOnWeaponLightningPenetrationUber3_",
  "IncreasedCastSpeedFasterCastingUber1",
  "IncreasedCastSpeedFasterCastingUber2",
  "IncreasedCastSpeedTwoHandedKilledRecentlyUber1",
  "IncreasedCastSpeedTwoHandedKilledRecentlyUber2",
  "CriticalStrikeChanceSpellsSupportedUber1",
  "CriticalStrikeChanceSpellsSupportedUber2__",
  "CriticalStrikeChanceSpellsTwoHandedPowerChargeUber1",
  "CriticalStrikeChanceSpellsTwoHandedPowerChargeUber2",
  "ChanceToFreezeShockIgniteProliferationUber1",
  "ChanceToFreezeShockIgniteProliferationUber2",
  "PoisonDamageWeaponSupportedUber1",
  "PoisonDamageWeaponSupportedUber2",
  "SupportedBySpellCascadeAreaUber1",
  "SupportedBySpellCascadeAreaUber2",
  "SupportedBySpellCascadeAreaUber3_",
  "SupportedByVolleySpeedUber1__",
  "SupportedByVolleySpeedUber2",
  "SupportedByVolleySpeedUber3",
  "ElementalDamagePercentAddedAsChaosUber1",
  "ElementalDamagePercentAddedAsChaosUber2",
  "DisplaySocketedSkillsChainUber1",
  "MaximumEnduranceChargeUber1",
  "MaximumFrenzyChargeUber1",
  "MaximumPowerChargeUber1",
  "CriticalStrikeMultiplierIfBlockedRecentlyUber1_",
  "CriticalStrikeChanceIfNoCriticalStrikeDealtRecentlyUber1",
  "PowerChargeOnManaSpentUber1",
  "ProjectileDamagePerEnemyPiercedUber1_",
  "CriticalStrikeMultiplierAgainstEnemiesOnFullLifeUber1",
  "EnemiesHaveReducedEvasionIfHitRecentlyUber1",
  "CriticalChanceAgainstBlindedEnemiesUber1_",
  "AccuracyRatingPerFrenzyChargeUber1",
  "MovementSkillsCostNoManaUber1",
  "GainEnduranceChargeOnCritUber1",
  "CriticalStrikeChanceIfKilledRecentlyUber1",
  "EnemiesExplodeOnDeathDealingFireUber1",
  "GainFortifyOnStunChanceUber1",
  "MovementSkillsFortifyOnHitChanceUber1",
  "GainEnduranceChargeOnTauntingEnemiesUber1_",
  "StunDurationAndThresholdUber1",
  "PhysicalDamageAddedAsRandomElementUber1",
  "PhysicalDamageAddedAsRandomElementUber2",
  "PhysicalDamageAddedAsRandomElementUber3",
  "ColdDamageOverTimeMultiplierUber1",
  "ColdDamageOverTimeMultiplierUber2_",
]
`;

exports[`should match the curated list of Warbands mods 1`] = `
Array [
  "CannotBeFrozenWarbands",
  "PhysicalDamageTakenAsFirePercentWarbands",
  "LightningPenetrationWarbands",
  "FireResistancePenetrationWarbands",
  "ColdResistancePenetrationWarbands",
  "DamageDuringFlaskEffectWarbands",
]
`;
