// Jest Snapshot v1, https://goo.gl/fbAQLP

exports[`should build 1`] = `
Array [
  Mod {
    "props": Object {
      "correct_group": "MapAtlasBossAdditionalUnique",
      "domain": 12,
      "generation_type": 1,
      "id": "MapAtlasBossAdditionalUnique",
      "level": 1,
      "mod_type": Object {
        "primary": 3080,
      },
      "name": "",
      "primary": 8751,
      "spawn_weights": Array [
        Object {
          "tag": Object {
            "id": "no_boss",
            "primary": 197,
          },
          "value": 0,
        },
        Object {
          "tag": Object {
            "id": "default",
            "primary": 0,
          },
          "value": 100,
        },
      ],
      "stat1_max": 55,
      "stat1_min": 55,
      "stat2_max": 1,
      "stat2_min": 1,
      "stat3_max": 0,
      "stat3_min": 0,
      "stat4_max": 0,
      "stat4_min": 0,
      "stat5_max": 0,
      "stat5_min": 0,
      "stats": Array [
        Object {
          "id": "local_jewel_effect_base_radius",
          "primary": 2823,
          "text": "",
        },
        Object {
          "id": "map_boss_dropped_unique_items_+",
          "primary": 4969,
          "text": "",
        },
      ],
      "tags": Array [],
    },
  },
  Mod {
    "props": Object {
      "correct_group": "MapAtlasUniqueMonstersDropCorruptedItems",
      "domain": 12,
      "generation_type": 3,
      "id": "MapAtlasBossDropsCorruptedItems",
      "level": 73,
      "mod_type": Object {
        "primary": 3081,
      },
      "name": "",
      "primary": 8752,
      "spawn_weights": Array [
        Object {
          "tag": Object {
            "id": "no_boss",
            "primary": 197,
          },
          "value": 0,
        },
        Object {
          "tag": Object {
            "id": "default",
            "primary": 0,
          },
          "value": 1000,
        },
      ],
      "stat1_max": 55,
      "stat1_min": 55,
      "stat2_max": 1,
      "stat2_min": 1,
      "stat3_max": 0,
      "stat3_min": 0,
      "stat4_max": 0,
      "stat4_min": 0,
      "stat5_max": 0,
      "stat5_min": 0,
      "stats": Array [
        Object {
          "id": "local_jewel_effect_base_radius",
          "primary": 2823,
          "text": "",
        },
        Object {
          "id": "map_boss_drops_corrupted_items",
          "primary": 4970,
          "text": "",
        },
      ],
      "tags": Array [],
    },
  },
  Mod {
    "props": Object {
      "correct_group": "MapAtlasPlayersMonstersDamagePerCurse",
      "domain": 12,
      "generation_type": 3,
      "id": "MapAtlasPlayersMonstersDamagePerCurse_",
      "level": 78,
      "mod_type": Object {
        "primary": 3082,
      },
      "name": "",
      "primary": 8753,
      "spawn_weights": Array [],
      "stat1_max": 55,
      "stat1_min": 55,
      "stat2_max": 20,
      "stat2_min": 20,
      "stat3_max": 0,
      "stat3_min": 0,
      "stat4_max": 0,
      "stat4_min": 0,
      "stat5_max": 0,
      "stat5_min": 0,
      "stats": Array [
        Object {
          "id": "local_jewel_effect_base_radius",
          "primary": 2823,
          "text": "",
        },
        Object {
          "id": "map_players_and_monsters_damage_+%_per_curse",
          "primary": 4971,
          "text": "",
        },
      ],
      "tags": Array [],
    },
  },
  Mod {
    "props": Object {
      "correct_group": "MapAtlasPlayersCriticalChance",
      "domain": 12,
      "generation_type": 3,
      "id": "MapAtlasPlayersCriticalChance",
      "level": 73,
      "mod_type": Object {
        "primary": 3083,
      },
      "name": "",
      "primary": 8754,
      "spawn_weights": Array [],
      "stat1_max": 55,
      "stat1_min": 55,
      "stat2_max": 100,
      "stat2_min": 100,
      "stat3_max": 0,
      "stat3_min": 0,
      "stat4_max": 0,
      "stat4_min": 0,
      "stat5_max": 0,
      "stat5_min": 0,
      "stats": Array [
        Object {
          "id": "local_jewel_effect_base_radius",
          "primary": 2823,
          "text": "",
        },
        Object {
          "id": "map_players_and_monsters_critical_strike_chance_+%",
          "primary": 4972,
          "text": "",
        },
      ],
      "tags": Array [],
    },
  },
  Mod {
    "props": Object {
      "correct_group": "MapAtlasMonstersStealCharges",
      "domain": 12,
      "generation_type": 3,
      "id": "MapAtlasMonstersStealCharges",
      "level": 1,
      "mod_type": Object {
        "primary": 3084,
      },
      "name": "",
      "primary": 8755,
      "spawn_weights": Array [],
      "stat1_max": 55,
      "stat1_min": 55,
      "stat2_max": 100,
      "stat2_min": 100,
      "stat3_max": 20,
      "stat3_min": 20,
      "stat4_max": 0,
      "stat4_min": 0,
      "stat5_max": 0,
      "stat5_min": 0,
      "stats": Array [
        Object {
          "id": "local_jewel_effect_base_radius",
          "primary": 2823,
          "text": "",
        },
        Object {
          "id": "map_monsters_steal_charges",
          "primary": 4973,
          "text": "",
        },
        Object {
          "id": "map_item_drop_quantity_+%",
          "primary": 1051,
          "text": "",
        },
      ],
      "tags": Array [],
    },
  },
  Mod {
    "props": Object {
      "correct_group": "MapAtlasUnIDedMapsGrantQuantity",
      "domain": 12,
      "generation_type": 1,
      "id": "MapAtlasUnIDedMapsGrantQuantity",
      "level": 1,
      "mod_type": Object {
        "primary": 3085,
      },
      "name": "",
      "primary": 8756,
      "spawn_weights": Array [
        Object {
          "tag": Object {
            "id": "default",
            "primary": 0,
          },
          "value": 1000,
        },
      ],
      "stat1_max": 55,
      "stat1_min": 55,
      "stat2_max": 30,
      "stat2_min": 30,
      "stat3_max": 1,
      "stat3_min": 1,
      "stat4_max": 15,
      "stat4_min": 15,
      "stat5_max": 0,
      "stat5_min": 0,
      "stats": Array [
        Object {
          "id": "local_jewel_effect_base_radius",
          "primary": 2823,
          "text": "",
        },
        Object {
          "id": "map_unidentified_maps_item_quantity_+%",
          "primary": 4974,
          "text": "",
        },
        Object {
          "id": "map_equipment_drops_identified_in_identified_areas",
          "primary": 5193,
          "text": "",
        },
        Object {
          "id": "map_pack_size_+%_in_unidentified_areas",
          "primary": 5204,
          "text": "",
        },
      ],
      "tags": Array [],
    },
  },
  Mod {
    "props": Object {
      "correct_group": "MapAtlasBossesDamageAndQuantity",
      "domain": 12,
      "generation_type": 3,
      "id": "MapAtlasBossesDamageAndQuantity",
      "level": 1,
      "mod_type": Object {
        "primary": 3086,
      },
      "name": "",
      "primary": 8757,
      "spawn_weights": Array [
        Object {
          "tag": Object {
            "id": "no_boss",
            "primary": 197,
          },
          "value": 0,
        },
        Object {
          "tag": Object {
            "id": "default",
            "primary": 0,
          },
          "value": 0,
        },
      ],
      "stat1_max": 55,
      "stat1_min": 55,
      "stat2_max": 20,
      "stat2_min": 20,
      "stat3_max": 0,
      "stat3_min": 0,
      "stat4_max": 0,
      "stat4_min": 0,
      "stat5_max": 0,
      "stat5_min": 0,
      "stats": Array [
        Object {
          "id": "local_jewel_effect_base_radius",
          "primary": 2823,
          "text": "",
        },
        Object {
          "id": "map_boss_dropped_item_quantity_+%",
          "primary": 4975,
          "text": "",
        },
      ],
      "tags": Array [],
    },
  },
  Mod {
    "props": Object {
      "correct_group": "MapAtlasAdditionalRandomMod",
      "domain": 12,
      "generation_type": 3,
      "id": "MapAtlasAdditionalRandomMod",
      "level": 1,
      "mod_type": Object {
        "primary": 3087,
      },
      "name": "",
      "primary": 8758,
      "spawn_weights": Array [],
      "stat1_max": 55,
      "stat1_min": 55,
      "stat2_max": 1,
      "stat2_min": 1,
      "stat3_max": 0,
      "stat3_min": 0,
      "stat4_max": 0,
      "stat4_min": 0,
      "stat5_max": 0,
      "stat5_min": 0,
      "stats": Array [
        Object {
          "id": "local_jewel_effect_base_radius",
          "primary": 2823,
          "text": "",
        },
        Object {
          "id": "map_number_of_additional_mods",
          "primary": 4976,
          "text": "",
        },
      ],
      "tags": Array [],
    },
  },
  Mod {
    "props": Object {
      "correct_group": "MapAtlasBloodlinesDropAdditionalCurrency",
      "domain": 12,
      "generation_type": 1,
      "id": "MapAtlasBloodlinesDropAdditionalCurrency",
      "level": 78,
      "mod_type": Object {
        "primary": 3088,
      },
      "name": "",
      "primary": 8759,
      "spawn_weights": Array [
        Object {
          "tag": Object {
            "id": "no_monster_packs",
            "primary": 198,
          },
          "value": 0,
        },
        Object {
          "tag": Object {
            "id": "default",
            "primary": 0,
          },
          "value": 200,
        },
      ],
      "stat1_max": 55,
      "stat1_min": 55,
      "stat2_max": 3,
      "stat2_min": 3,
      "stat3_max": 0,
      "stat3_min": 0,
      "stat4_max": 0,
      "stat4_min": 0,
      "stat5_max": 0,
      "stat5_min": 0,
      "stats": Array [
        Object {
          "id": "local_jewel_effect_base_radius",
          "primary": 2823,
          "text": "",
        },
        Object {
          "id": "map_nemesis_dropped_items_+",
          "primary": 4977,
          "text": "",
        },
      ],
      "tags": Array [],
    },
  },
  Mod {
    "props": Object {
      "correct_group": "MapAtlasContainsMaster",
      "domain": 12,
      "generation_type": 3,
      "id": "MapAtlasContainsMaster",
      "level": 1,
      "mod_type": Object {
        "primary": 3089,
      },
      "name": "",
      "primary": 8760,
      "spawn_weights": Array [
        Object {
          "tag": Object {
            "id": "unique_map",
            "primary": 155,
          },
          "value": 0,
        },
        Object {
          "tag": Object {
            "id": "default",
            "primary": 0,
          },
          "value": 1000,
        },
      ],
      "stat1_max": 55,
      "stat1_min": 55,
      "stat2_max": 1,
      "stat2_min": 1,
      "stat3_max": 0,
      "stat3_min": 0,
      "stat4_max": 0,
      "stat4_min": 0,
      "stat5_max": 0,
      "stat5_min": 0,
      "stats": Array [
        Object {
          "id": "local_jewel_effect_base_radius",
          "primary": 2823,
          "text": "",
        },
        Object {
          "id": "map_contains_master",
          "primary": 4978,
          "text": "",
        },
      ],
      "tags": Array [],
    },
  },
  Mod {
    "props": Object {
      "correct_group": "MapAtlasIncreasedDamageOnGroundEffects",
      "domain": 12,
      "generation_type": 3,
      "id": "MapAtlasIncreasedDamageOnGroundEffects",
      "level": 1,
      "mod_type": Object {
        "primary": 3090,
      },
      "name": "",
      "primary": 8761,
      "spawn_weights": Array [],
      "stat1_max": 55,
      "stat1_min": 55,
      "stat2_max": 30,
      "stat2_min": 30,
      "stat3_max": 0,
      "stat3_min": 0,
      "stat4_max": 0,
      "stat4_min": 0,
      "stat5_max": 0,
      "stat5_min": 0,
      "stats": Array [
        Object {
          "id": "local_jewel_effect_base_radius",
          "primary": 2823,
          "text": "",
        },
        Object {
          "id": "map_damage_+%_of_type_inflicted_by_current_ground_effect_you_are_on",
          "primary": 5046,
          "text": "",
        },
      ],
      "tags": Array [],
    },
  },
  Mod {
    "props": Object {
      "correct_group": "MapAtlasStrongboxContentsMirrored",
      "domain": 12,
      "generation_type": 3,
      "id": "MapAtlasStrongboxContentsMirrored",
      "level": 1,
      "mod_type": Object {
        "primary": 3091,
      },
      "name": "",
      "primary": 8762,
      "spawn_weights": Array [],
      "stat1_max": 55,
      "stat1_min": 55,
      "stat2_max": 1,
      "stat2_min": 1,
      "stat3_max": 0,
      "stat3_min": 0,
      "stat4_max": 0,
      "stat4_min": 0,
      "stat5_max": 0,
      "stat5_min": 0,
      "stats": Array [
        Object {
          "id": "local_jewel_effect_base_radius",
          "primary": 2823,
          "text": "",
        },
        Object {
          "id": "map_strongbox_items_dropped_are_mirrored",
          "primary": 5050,
          "text": "",
        },
      ],
      "tags": Array [],
    },
  },
  Mod {
    "props": Object {
      "correct_group": "MapAtlasCreepingAgony",
      "domain": 12,
      "generation_type": 3,
      "id": "MapAtlasCreepingAgony",
      "level": 73,
      "mod_type": Object {
        "primary": 3092,
      },
      "name": "",
      "primary": 8763,
      "spawn_weights": Array [],
      "stat1_max": 55,
      "stat1_min": 55,
      "stat2_max": 30,
      "stat2_min": 30,
      "stat3_max": 1,
      "stat3_min": 1,
      "stat4_max": 0,
      "stat4_min": 0,
      "stat5_max": 0,
      "stat5_min": 0,
      "stats": Array [
        Object {
          "id": "local_jewel_effect_base_radius",
          "primary": 2823,
          "text": "",
        },
        Object {
          "id": "map_item_drop_quantity_+%",
          "primary": 1051,
          "text": "",
        },
        Object {
          "id": "map_contains_creeping_agony",
          "primary": 5039,
          "text": "",
        },
      ],
      "tags": Array [],
    },
  },
  Mod {
    "props": Object {
      "correct_group": "MapAtlasPoisonEffectsAndParasites",
      "domain": 12,
      "generation_type": 3,
      "id": "MapAtlasPlayersPoisonedWhileMoving_",
      "level": 73,
      "mod_type": Object {
        "primary": 3093,
      },
      "name": "",
      "primary": 8764,
      "spawn_weights": Array [],
      "stat1_max": 55,
      "stat1_min": 55,
      "stat2_max": 20,
      "stat2_min": 20,
      "stat3_max": 200,
      "stat3_min": 200,
      "stat4_max": 0,
      "stat4_min": 0,
      "stat5_max": 0,
      "stat5_min": 0,
      "stats": Array [
        Object {
          "id": "local_jewel_effect_base_radius",
          "primary": 2823,
          "text": "",
        },
        Object {
          "id": "map_item_drop_quantity_+%",
          "primary": 1051,
          "text": "",
        },
        Object {
          "id": "map_players_are_poisoned_while_moving_chaos_damage_per_second",
          "primary": 5051,
          "text": "",
        },
      ],
      "tags": Array [],
    },
  },
  Mod {
    "props": Object {
      "correct_group": "MapAtlasPlayersHave1LessProjectile",
      "domain": 12,
      "generation_type": 3,
      "id": "MapAtlasPlayersHave1LessProjectile",
      "level": 1,
      "mod_type": Object {
        "primary": 3094,
      },
      "name": "",
      "primary": 8765,
      "spawn_weights": Array [],
      "stat1_max": 55,
      "stat1_min": 55,
      "stat2_max": 20,
      "stat2_min": 20,
      "stat3_max": -1,
      "stat3_min": -1,
      "stat4_max": 0,
      "stat4_min": 0,
      "stat5_max": 0,
      "stat5_min": 0,
      "stats": Array [
        Object {
          "id": "local_jewel_effect_base_radius",
          "primary": 2823,
          "text": "",
        },
        Object {
          "id": "map_item_drop_quantity_+%",
          "primary": 1051,
          "text": "",
        },
        Object {
          "id": "map_players_additional_number_of_projectiles",
          "primary": 5045,
          "text": "",
        },
      ],
      "tags": Array [],
    },
  },
  Mod {
    "props": Object {
      "correct_group": "MapAtlasCursesReflected",
      "domain": 12,
      "generation_type": 3,
      "id": "MapAtlasCursesReflected",
      "level": 73,
      "mod_type": Object {
        "primary": 3095,
      },
      "name": "",
      "primary": 8766,
      "spawn_weights": Array [],
      "stat1_max": 55,
      "stat1_min": 55,
      "stat2_max": 10,
      "stat2_min": 10,
      "stat3_max": 1,
      "stat3_min": 1,
      "stat4_max": 0,
      "stat4_min": 0,
      "stat5_max": 0,
      "stat5_min": 0,
      "stats": Array [
        Object {
          "id": "local_jewel_effect_base_radius",
          "primary": 2823,
          "text": "",
        },
        Object {
          "id": "map_item_drop_quantity_+%",
          "primary": 1051,
          "text": "",
        },
        Object {
          "id": "map_players_and_monsters_curses_are_reflected",
          "primary": 5048,
          "text": "",
        },
      ],
      "tags": Array [],
    },
  },
  Mod {
    "props": Object {
      "correct_group": "MapAtlasMonsterConvertedOnKill",
      "domain": 12,
      "generation_type": 3,
      "id": "MapAtlasMonsterConvertedOnKill",
      "level": 1,
      "mod_type": Object {
        "primary": 3096,
      },
      "name": "",
      "primary": 8767,
      "spawn_weights": Array [],
      "stat1_max": 55,
      "stat1_min": 55,
      "stat2_max": 1,
      "stat2_min": 1,
      "stat3_max": 0,
      "stat3_min": 0,
      "stat4_max": 0,
      "stat4_min": 0,
      "stat5_max": 0,
      "stat5_min": 0,
      "stats": Array [
        Object {
          "id": "local_jewel_effect_base_radius",
          "primary": 2823,
          "text": "",
        },
        Object {
          "id": "map_monsters_are_converted_on_kill",
          "primary": 5041,
          "text": "",
        },
      ],
      "tags": Array [],
    },
  },
  Mod {
    "props": Object {
      "correct_group": "MapAtlasResoluteTechnique",
      "domain": 12,
      "generation_type": 3,
      "id": "MapAtlasResoluteTechnique",
      "level": 1,
      "mod_type": Object {
        "primary": 3097,
      },
      "name": "",
      "primary": 8768,
      "spawn_weights": Array [],
      "stat1_max": 55,
      "stat1_min": 55,
      "stat2_max": 1,
      "stat2_min": 1,
      "stat3_max": 0,
      "stat3_min": 0,
      "stat4_max": 0,
      "stat4_min": 0,
      "stat5_max": 0,
      "stat5_min": 0,
      "stats": Array [
        Object {
          "id": "local_jewel_effect_base_radius",
          "primary": 2823,
          "text": "",
        },
        Object {
          "id": "map_players_and_monsters_have_resolute_technique",
          "primary": 5030,
          "text": "",
        },
        Object {
          "id": "map_item_drop_quantity_+%",
          "primary": 1051,
          "text": "",
        },
      ],
      "tags": Array [],
    },
  },
  Mod {
    "props": Object {
      "correct_group": "MapAtlasPlayersCursedWithSilence",
      "domain": 12,
      "generation_type": 3,
      "id": "MapAtlasPlayersCursedWithSilence",
      "level": 1,
      "mod_type": Object {
        "primary": 3098,
      },
      "name": "",
      "primary": 8769,
      "spawn_weights": Array [],
      "stat1_max": 55,
      "stat1_min": 55,
      "stat2_max": 20,
      "stat2_min": 20,
      "stat3_max": 10,
      "stat3_min": 10,
      "stat4_max": 0,
      "stat4_min": 0,
      "stat5_max": 0,
      "stat5_min": 0,
      "stats": Array [
        Object {
          "id": "local_jewel_effect_base_radius",
          "primary": 2823,
          "text": "",
        },
        Object {
          "id": "map_item_drop_quantity_+%",
          "primary": 1051,
          "text": "",
        },
        Object {
          "id": "map_player_has_level_X_silence",
          "primary": 5049,
          "text": "",
        },
      ],
      "tags": Array [],
    },
  },
  Mod {
    "props": Object {
      "correct_group": "MapAtlasNoUniqueDrops",
      "domain": 12,
      "generation_type": 3,
      "id": "MapAtlasNoUniqueDrops",
      "level": 1,
      "mod_type": Object {
        "primary": 3099,
      },
      "name": "",
      "primary": 8770,
      "spawn_weights": Array [],
      "stat1_max": 55,
      "stat1_min": 55,
      "stat2_max": 30,
      "stat2_min": 30,
      "stat3_max": 1,
      "stat3_min": 1,
      "stat4_max": 0,
      "stat4_min": 0,
      "stat5_max": 0,
      "stat5_min": 0,
      "stats": Array [
        Object {
          "id": "local_jewel_effect_base_radius",
          "primary": 2823,
          "text": "",
        },
        Object {
          "id": "map_item_drop_quantity_+%",
          "primary": 1051,
          "text": "",
        },
        Object {
          "id": "map_no_uniques_drop_randomly",
          "primary": 5044,
          "text": "",
        },
      ],
      "tags": Array [],
    },
  },
  Mod {
    "props": Object {
      "correct_group": "MapAtlasMagicItemsDropAsNormal",
      "domain": 12,
      "generation_type": 3,
      "id": "MapAtlasMagicItemsDropAsNormal",
      "level": 73,
      "mod_type": Object {
        "primary": 3100,
      },
      "name": "",
      "primary": 8771,
      "spawn_weights": Array [],
      "stat1_max": 55,
      "stat1_min": 55,
      "stat2_max": 1,
      "stat2_min": 1,
      "stat3_max": 10,
      "stat3_min": 10,
      "stat4_max": 0,
      "stat4_min": 0,
      "stat5_max": 0,
      "stat5_min": 0,
      "stats": Array [
        Object {
          "id": "local_jewel_effect_base_radius",
          "primary": 2823,
          "text": "",
        },
        Object {
          "id": "map_magic_items_drop_as_normal",
          "primary": 5060,
          "text": "",
        },
        Object {
          "id": "map_item_drop_quantity_+%",
          "primary": 1051,
          "text": "",
        },
      ],
      "tags": Array [],
    },
  },
  Mod {
    "props": Object {
      "correct_group": "MapAtlasContainsAdditionalInvasionBoss",
      "domain": 12,
      "generation_type": 1,
      "id": "MapAtlasContainsAdditionalRandomBoss",
      "level": 1,
      "mod_type": Object {
        "primary": 3101,
      },
      "name": "",
      "primary": 8772,
      "spawn_weights": Array [
        Object {
          "tag": Object {
            "id": "hall_of_grandmasters",
            "primary": 200,
          },
          "value": 0,
        },
        Object {
          "tag": Object {
            "id": "default",
            "primary": 0,
          },
          "value": 1000,
        },
      ],
      "stat1_max": 55,
      "stat1_min": 55,
      "stat2_max": 1,
      "stat2_min": 1,
      "stat3_max": 0,
      "stat3_min": 0,
      "stat4_max": 0,
      "stat4_min": 0,
      "stat5_max": 0,
      "stat5_min": 0,
      "stats": Array [
        Object {
          "id": "local_jewel_effect_base_radius",
          "primary": 2823,
          "text": "",
        },
        Object {
          "id": "map_num_extra_invasion_bosses",
          "primary": 2481,
          "text": "",
        },
      ],
      "tags": Array [],
    },
  },
  Mod {
    "props": Object {
      "correct_group": "MapAtlasPortalsDoNotExpire",
      "domain": 12,
      "generation_type": 3,
      "id": "MapAtlasPortalsDoNotExpire",
      "level": 1,
      "mod_type": Object {
        "primary": 3102,
      },
      "name": "",
      "primary": 8773,
      "spawn_weights": Array [],
      "stat1_max": 55,
      "stat1_min": 55,
      "stat2_max": 1,
      "stat2_min": 1,
      "stat3_max": 0,
      "stat3_min": 0,
      "stat4_max": 0,
      "stat4_min": 0,
      "stat5_max": 0,
      "stat5_min": 0,
      "stats": Array [
        Object {
          "id": "local_jewel_effect_base_radius",
          "primary": 2823,
          "text": "",
        },
        Object {
          "id": "map_portals_do_not_expire",
          "primary": 5040,
          "text": "",
        },
      ],
      "tags": Array [],
    },
  },
  Mod {
    "props": Object {
      "correct_group": "MapAtlasContains3LessPortals",
      "domain": 12,
      "generation_type": 3,
      "id": "MapAtlasContains3LessPortals",
      "level": 1,
      "mod_type": Object {
        "primary": 3103,
      },
      "name": "",
      "primary": 8774,
      "spawn_weights": Array [],
      "stat1_max": 55,
      "stat1_min": 55,
      "stat2_max": 20,
      "stat2_min": 20,
      "stat3_max": 3,
      "stat3_min": 3,
      "stat4_max": 0,
      "stat4_min": 0,
      "stat5_max": 0,
      "stat5_min": 0,
      "stats": Array [
        Object {
          "id": "local_jewel_effect_base_radius",
          "primary": 2823,
          "text": "",
        },
        Object {
          "id": "map_item_drop_quantity_+%",
          "primary": 1051,
          "text": "",
        },
        Object {
          "id": "map_contains_x_fewer_portals",
          "primary": 5042,
          "text": "",
        },
      ],
      "tags": Array [],
    },
  },
  Mod {
    "props": Object {
      "correct_group": "MapAtlasWeaponsDropAnimated",
      "domain": 12,
      "generation_type": 3,
      "id": "MapAtlasWeaponsDropAnimated",
      "level": 1,
      "mod_type": Object {
        "primary": 3104,
      },
      "name": "",
      "primary": 8775,
      "spawn_weights": Array [],
      "stat1_max": 55,
      "stat1_min": 55,
      "stat2_max": 1,
      "stat2_min": 1,
      "stat3_max": 0,
      "stat3_min": 0,
      "stat4_max": 0,
      "stat4_min": 0,
      "stat5_max": 0,
      "stat5_min": 0,
      "stats": Array [
        Object {
          "id": "local_jewel_effect_base_radius",
          "primary": 2823,
          "text": "",
        },
        Object {
          "id": "map_weapons_drop_animated",
          "primary": 2785,
          "text": "",
        },
      ],
      "tags": Array [],
    },
  },
  Mod {
    "props": Object {
      "correct_group": "MapAtlasMoveAttackCastSpeed",
      "domain": 12,
      "generation_type": 1,
      "id": "MapAtlasMoveAttackCastSpeed",
      "level": 1,
      "mod_type": Object {
        "primary": 3105,
      },
      "name": "",
      "primary": 8776,
      "spawn_weights": Array [
        Object {
          "tag": Object {
            "id": "default",
            "primary": 0,
          },
          "value": 1000,
        },
      ],
      "stat1_max": 55,
      "stat1_min": 55,
      "stat2_max": 20,
      "stat2_min": 20,
      "stat3_max": 20,
      "stat3_min": 20,
      "stat4_max": 20,
      "stat4_min": 20,
      "stat5_max": 0,
      "stat5_min": 0,
      "stats": Array [
        Object {
          "id": "local_jewel_effect_base_radius",
          "primary": 2823,
          "text": "",
        },
        Object {
          "id": "map_players_and_monsters_movement_speed_+%",
          "primary": 5085,
          "text": "",
        },
        Object {
          "id": "map_monsters_attack_speed_+%",
          "primary": 1005,
          "text": "",
        },
        Object {
          "id": "map_monsters_cast_speed_+%",
          "primary": 1006,
          "text": "",
        },
      ],
      "tags": Array [],
    },
  },
  Mod {
    "props": Object {
      "correct_group": "MapAtlasFireDamageAndPacks",
      "domain": 12,
      "generation_type": 1,
      "id": "MapAtlasFireDamageAndPacks",
      "level": 1,
      "mod_type": Object {
        "primary": 3106,
      },
      "name": "",
      "primary": 8777,
      "spawn_weights": Array [
        Object {
          "tag": Object {
            "id": "no_monster_packs",
            "primary": 198,
          },
          "value": 0,
        },
        Object {
          "tag": Object {
            "id": "default",
            "primary": 0,
          },
          "value": 1000,
        },
      ],
      "stat1_max": 55,
      "stat1_min": 55,
      "stat2_max": 8,
      "stat2_min": 8,
      "stat3_max": 10,
      "stat3_min": 10,
      "stat4_max": 0,
      "stat4_min": 0,
      "stat5_max": 0,
      "stat5_min": 0,
      "stats": Array [
        Object {
          "id": "local_jewel_effect_base_radius",
          "primary": 2823,
          "text": "",
        },
        Object {
          "id": "map_contains_additional_packs_of_fire_monsters",
          "primary": 5069,
          "text": "",
        },
        Object {
          "id": "map_players_and_monsters_fire_damage_taken_+%",
          "primary": 5074,
          "text": "",
        },
      ],
      "tags": Array [],
    },
  },
  Mod {
    "props": Object {
      "correct_group": "MapAtlasColdDamageAndPacks",
      "domain": 12,
      "generation_type": 1,
      "id": "MapAtlasColdDamageAndPacks",
      "level": 1,
      "mod_type": Object {
        "primary": 3107,
      },
      "name": "",
      "primary": 8778,
      "spawn_weights": Array [
        Object {
          "tag": Object {
            "id": "no_monster_packs",
            "primary": 198,
          },
          "value": 0,
        },
        Object {
          "tag": Object {
            "id": "default",
            "primary": 0,
          },
          "value": 1000,
        },
      ],
      "stat1_max": 55,
      "stat1_min": 55,
      "stat2_max": 8,
      "stat2_min": 8,
      "stat3_max": 10,
      "stat3_min": 10,
      "stat4_max": 0,
      "stat4_min": 0,
      "stat5_max": 0,
      "stat5_min": 0,
      "stats": Array [
        Object {
          "id": "local_jewel_effect_base_radius",
          "primary": 2823,
          "text": "",
        },
        Object {
          "id": "map_contains_additional_packs_of_cold_monsters",
          "primary": 5073,
          "text": "",
        },
        Object {
          "id": "map_players_and_monsters_cold_damage_taken_+%",
          "primary": 5078,
          "text": "",
        },
      ],
      "tags": Array [],
    },
  },
  Mod {
    "props": Object {
      "correct_group": "MapAtlasLightningDamageAndPacks",
      "domain": 12,
      "generation_type": 1,
      "id": "MapAtlasLightningDamageAndPacks",
      "level": 1,
      "mod_type": Object {
        "primary": 3108,
      },
      "name": "",
      "primary": 8779,
      "spawn_weights": Array [
        Object {
          "tag": Object {
            "id": "no_monster_packs",
            "primary": 198,
          },
          "value": 0,
        },
        Object {
          "tag": Object {
            "id": "default",
            "primary": 0,
          },
          "value": 1000,
        },
      ],
      "stat1_max": 55,
      "stat1_min": 55,
      "stat2_max": 8,
      "stat2_min": 8,
      "stat3_max": 10,
      "stat3_min": 10,
      "stat4_max": 0,
      "stat4_min": 0,
      "stat5_max": 0,
      "stat5_min": 0,
      "stats": Array [
        Object {
          "id": "local_jewel_effect_base_radius",
          "primary": 2823,
          "text": "",
        },
        Object {
          "id": "map_contains_additional_packs_of_lightning_monsters",
          "primary": 5072,
          "text": "",
        },
        Object {
          "id": "map_players_and_monsters_lightning_damage_taken_+%",
          "primary": 5077,
          "text": "",
        },
      ],
      "tags": Array [],
    },
  },
  Mod {
    "props": Object {
      "correct_group": "MapAtlasPhysicalDamageAndPacks",
      "domain": 12,
      "generation_type": 1,
      "id": "MapAtlasPhysicalDamageAndPacks_",
      "level": 1,
      "mod_type": Object {
        "primary": 3109,
      },
      "name": "",
      "primary": 8780,
      "spawn_weights": Array [
        Object {
          "tag": Object {
            "id": "no_monster_packs",
            "primary": 198,
          },
          "value": 0,
        },
        Object {
          "tag": Object {
            "id": "default",
            "primary": 0,
          },
          "value": 1000,
        },
      ],
      "stat1_max": 55,
      "stat1_min": 55,
      "stat2_max": 8,
      "stat2_min": 8,
      "stat3_max": 10,
      "stat3_min": 10,
      "stat4_max": 0,
      "stat4_min": 0,
      "stat5_max": 0,
      "stat5_min": 0,
      "stats": Array [
        Object {
          "id": "local_jewel_effect_base_radius",
          "primary": 2823,
          "text": "",
        },
        Object {
          "id": "map_contains_additional_packs_of_physical_monsters",
          "primary": 5071,
          "text": "",
        },
        Object {
          "id": "map_players_and_monsters_physical_damage_taken_+%",
          "primary": 5076,
          "text": "",
        },
      ],
      "tags": Array [],
    },
  },
  Mod {
    "props": Object {
      "correct_group": "MapAtlasChaosDamageAndPacks",
      "domain": 12,
      "generation_type": 1,
      "id": "MapAtlasChaosDamageAndPacks_",
      "level": 73,
      "mod_type": Object {
        "primary": 3110,
      },
      "name": "",
      "primary": 8781,
      "spawn_weights": Array [
        Object {
          "tag": Object {
            "id": "no_monster_packs",
            "primary": 198,
          },
          "value": 0,
        },
        Object {
          "tag": Object {
            "id": "default",
            "primary": 0,
          },
          "value": 1000,
        },
      ],
      "stat1_max": 55,
      "stat1_min": 55,
      "stat2_max": 8,
      "stat2_min": 8,
      "stat3_max": 10,
      "stat3_min": 10,
      "stat4_max": 0,
      "stat4_min": 0,
      "stat5_max": 0,
      "stat5_min": 0,
      "stats": Array [
        Object {
          "id": "local_jewel_effect_base_radius",
          "primary": 2823,
          "text": "",
        },
        Object {
          "id": "map_contains_additional_packs_of_chaos_monsters",
          "primary": 5070,
          "text": "",
        },
        Object {
          "id": "map_players_and_monsters_chaos_damage_taken_+%",
          "primary": 5075,
          "text": "",
        },
      ],
      "tags": Array [],
    },
  },
  Mod {
    "props": Object {
      "correct_group": "MapAtlasPlayersDamageDealtAndTakenWhileStationary",
      "domain": 12,
      "generation_type": 3,
      "id": "MapAtlasDamageTakenWhileStationary",
      "level": 1,
      "mod_type": Object {
        "primary": 3111,
      },
      "name": "",
      "primary": 8782,
      "spawn_weights": Array [],
      "stat1_max": 55,
      "stat1_min": 55,
      "stat2_max": 10,
      "stat2_min": 10,
      "stat3_max": 0,
      "stat3_min": 0,
      "stat4_max": 0,
      "stat4_min": 0,
      "stat5_max": 0,
      "stat5_min": 0,
      "stats": Array [
        Object {
          "id": "local_jewel_effect_base_radius",
          "primary": 2823,
          "text": "",
        },
        Object {
          "id": "map_players_and_monsters_damage_taken_+%_while_stationary",
          "primary": 5080,
          "text": "",
        },
      ],
      "tags": Array [],
    },
  },
  Mod {
    "props": Object {
      "correct_group": "MapAtlasOnslaughtWhenHitAndOnslaughtEffect",
      "domain": 12,
      "generation_type": 3,
      "id": "MapAtlasOnslaughtWhenHit",
      "level": 1,
      "mod_type": Object {
        "primary": 3112,
      },
      "name": "",
      "primary": 8783,
      "spawn_weights": Array [],
      "stat1_max": 55,
      "stat1_min": 55,
      "stat2_max": 1,
      "stat2_min": 1,
      "stat3_max": 0,
      "stat3_min": 0,
      "stat4_max": 0,
      "stat4_min": 0,
      "stat5_max": 0,
      "stat5_min": 0,
      "stats": Array [
        Object {
          "id": "local_jewel_effect_base_radius",
          "primary": 2823,
          "text": "",
        },
        Object {
          "id": "map_players_and_monsters_have_onslaught_if_hit_recently",
          "primary": 5079,
          "text": "",
        },
      ],
      "tags": Array [],
    },
  },
  Mod {
    "props": Object {
      "correct_group": "MapAtlasGroundHaste",
      "domain": 12,
      "generation_type": 1,
      "id": "MapAtlasGroundHaste",
      "level": 1,
      "mod_type": Object {
        "primary": 3113,
      },
      "name": "",
      "primary": 8784,
      "spawn_weights": Array [
        Object {
          "tag": Object {
            "id": "default",
            "primary": 0,
          },
          "value": 1000,
        },
      ],
      "stat1_max": 55,
      "stat1_min": 55,
      "stat2_max": 20,
      "stat2_min": 20,
      "stat3_max": 9,
      "stat3_min": 9,
      "stat4_max": 18,
      "stat4_min": 18,
      "stat5_max": 0,
      "stat5_min": 0,
      "stats": Array [
        Object {
          "id": "local_jewel_effect_base_radius",
          "primary": 2823,
          "text": "",
        },
        Object {
          "id": "map_ground_haste_action_speed_+%",
          "primary": 5090,
          "text": "",
        },
        Object {
          "id": "map_ground_haste_effect_patches_per_100_tiles",
          "primary": 5096,
          "text": "",
        },
        Object {
          "id": "map_ground_haste_effect_radius",
          "primary": 5097,
          "text": "",
        },
      ],
      "tags": Array [],
    },
  },
  Mod {
    "props": Object {
      "correct_group": "MapAtlasUniqueMonstersDropCorruptedItems",
      "domain": 12,
      "generation_type": 1,
      "id": "MapAtlasUniqueMonstersDropCorruptedItems",
      "level": 73,
      "mod_type": Object {
        "primary": 3114,
      },
      "name": "",
      "primary": 8785,
      "spawn_weights": Array [
        Object {
          "tag": Object {
            "id": "vaults_of_atziri",
            "primary": 201,
          },
          "value": 0,
        },
        Object {
          "tag": Object {
            "id": "hall_of_grandmasters",
            "primary": 200,
          },
          "value": 0,
        },
        Object {
          "tag": Object {
            "id": "default",
            "primary": 0,
          },
          "value": 200,
        },
      ],
      "stat1_max": 55,
      "stat1_min": 55,
      "stat2_max": 1,
      "stat2_min": 1,
      "stat3_max": 0,
      "stat3_min": 0,
      "stat4_max": 0,
      "stat4_min": 0,
      "stat5_max": 0,
      "stat5_min": 0,
      "stats": Array [
        Object {
          "id": "local_jewel_effect_base_radius",
          "primary": 2823,
          "text": "",
        },
        Object {
          "id": "map_unique_monsters_drop_corrupted_items",
          "primary": 5114,
          "text": "",
        },
      ],
      "tags": Array [],
    },
  },
  Mod {
    "props": Object {
      "correct_group": "MapAtlasMapsHave20PercentQuality",
      "domain": 12,
      "generation_type": 1,
      "id": "MapAtlasMapsHave20PercentQuality",
      "level": 1,
      "mod_type": Object {
        "primary": 3115,
      },
      "name": "",
      "primary": 8786,
      "spawn_weights": Array [
        Object {
          "tag": Object {
            "id": "default",
            "primary": 0,
          },
          "value": 1000,
        },
      ],
      "stat1_max": 55,
      "stat1_min": 55,
      "stat2_max": 20,
      "stat2_min": 20,
      "stat3_max": 20,
      "stat3_min": 20,
      "stat4_max": 0,
      "stat4_min": 0,
      "stat5_max": 0,
      "stat5_min": 0,
      "stats": Array [
        Object {
          "id": "local_jewel_effect_base_radius",
          "primary": 2823,
          "text": "",
        },
        Object {
          "id": "map_has_x%_quality",
          "primary": 5113,
          "text": "",
        },
        Object {
          "id": "map_boss_damage_+%",
          "primary": 995,
          "text": "",
        },
      ],
      "tags": Array [],
    },
  },
  Mod {
    "props": Object {
      "correct_group": "MapAtlasMapQualityBonusAlsoAppliesToRarity",
      "domain": 12,
      "generation_type": 1,
      "id": "MapAtlasMapQualityBonusAlsoAppliesToRarity",
      "level": 73,
      "mod_type": Object {
        "primary": 3116,
      },
      "name": "",
      "primary": 8787,
      "spawn_weights": Array [
        Object {
          "tag": Object {
            "id": "default",
            "primary": 0,
          },
          "value": 1000,
        },
      ],
      "stat1_max": 55,
      "stat1_min": 55,
      "stat2_max": 1,
      "stat2_min": 1,
      "stat3_max": 20,
      "stat3_min": 20,
      "stat4_max": 0,
      "stat4_min": 0,
      "stat5_max": 0,
      "stat5_min": 0,
      "stats": Array [
        Object {
          "id": "local_jewel_effect_base_radius",
          "primary": 2823,
          "text": "",
        },
        Object {
          "id": "map_item_drop_quality_also_applies_to_map_item_drop_rarity",
          "primary": 5112,
          "text": "",
        },
        Object {
          "id": "map_boss_maximum_life_+%",
          "primary": 3286,
          "text": "",
        },
      ],
      "tags": Array [],
    },
  },
  Mod {
    "props": Object {
      "correct_group": "MapAtlasPlayersDamageDealtAndTakenWhileStationary",
      "domain": 12,
      "generation_type": 1,
      "id": "MapAtlasPlayersDamageDealtAndTakenWhileStationary_",
      "level": 1,
      "mod_type": Object {
        "primary": 3117,
      },
      "name": "",
      "primary": 8788,
      "spawn_weights": Array [
        Object {
          "tag": Object {
            "id": "vaults_of_atziri",
            "primary": 201,
          },
          "value": 0,
        },
        Object {
          "tag": Object {
            "id": "default",
            "primary": 0,
          },
          "value": 1000,
        },
      ],
      "stat1_max": 55,
      "stat1_min": 55,
      "stat2_max": 100,
      "stat2_min": 100,
      "stat3_max": 10,
      "stat3_min": 10,
      "stat4_max": 0,
      "stat4_min": 0,
      "stat5_max": 0,
      "stat5_min": 0,
      "stats": Array [
        Object {
          "id": "local_jewel_effect_base_radius",
          "primary": 2823,
          "text": "",
        },
        Object {
          "id": "map_damage_while_stationary_+%",
          "primary": 5110,
          "text": "",
        },
        Object {
          "id": "map_damage_taken_while_stationary_+%",
          "primary": 5111,
          "text": "",
        },
      ],
      "tags": Array [],
    },
  },
  Mod {
    "props": Object {
      "correct_group": "MapAtlasOnslaughtWhenHitAndOnslaughtEffect",
      "domain": 12,
      "generation_type": 1,
      "id": "MapAtlasOnslaughtWhenHitAndOnslaughtEffect",
      "level": 1,
      "mod_type": Object {
        "primary": 3118,
      },
      "name": "",
      "primary": 8789,
      "spawn_weights": Array [
        Object {
          "tag": Object {
            "id": "vaults_of_atziri",
            "primary": 201,
          },
          "value": 0,
        },
        Object {
          "tag": Object {
            "id": "default",
            "primary": 0,
          },
          "value": 1000,
        },
      ],
      "stat1_max": 55,
      "stat1_min": 55,
      "stat2_max": 4000,
      "stat2_min": 4000,
      "stat3_max": 100,
      "stat3_min": 100,
      "stat4_max": 0,
      "stat4_min": 0,
      "stat5_max": 0,
      "stat5_min": 0,
      "stats": Array [
        Object {
          "id": "local_jewel_effect_base_radius",
          "primary": 2823,
          "text": "",
        },
        Object {
          "id": "map_players_and_monsters_have_onslaught_if_hit_recently",
          "primary": 5079,
          "text": "",
        },
        Object {
          "id": "map_monster_and_player_onslaught_effect_+%",
          "primary": 5109,
          "text": "",
        },
      ],
      "tags": Array [],
    },
  },
  Mod {
    "props": Object {
      "correct_group": "MapAtlasFishy",
      "domain": 12,
      "generation_type": 1,
      "id": "MapAtlasFishy",
      "level": 78,
      "mod_type": Object {
        "primary": 3119,
      },
      "name": "",
      "primary": 8790,
      "spawn_weights": Array [
        Object {
          "tag": Object {
            "id": "default",
            "primary": 0,
          },
          "value": 10,
        },
      ],
      "stat1_max": 55,
      "stat1_min": 55,
      "stat2_max": 100,
      "stat2_min": 0,
      "stat3_max": 10,
      "stat3_min": 10,
      "stat4_max": 10,
      "stat4_min": 0,
      "stat5_max": 5052017,
      "stat5_min": 5052017,
      "stats": Array [
        Object {
          "id": "local_jewel_effect_base_radius",
          "primary": 2823,
          "text": "",
        },
        Object {
          "id": "map_fishy_effect_0",
          "primary": 5107,
          "text": "",
        },
        Object {
          "id": "map_fishy_effect_1",
          "primary": 5132,
          "text": "",
        },
        Object {
          "id": "map_fishy_effect_2",
          "primary": 5133,
          "text": "",
        },
        Object {
          "id": "map_fishy_effect_3",
          "primary": 5134,
          "text": "",
        },
      ],
      "tags": Array [],
    },
  },
  Mod {
    "props": Object {
      "correct_group": "MapAtlasContainsMaster",
      "domain": 12,
      "generation_type": 1,
      "id": "MapAtlasContainsZanaMission",
      "level": 73,
      "mod_type": Object {
        "primary": 3120,
      },
      "name": "",
      "primary": 8791,
      "spawn_weights": Array [
        Object {
          "tag": Object {
            "id": "unique_map",
            "primary": 155,
          },
          "value": 0,
        },
        Object {
          "tag": Object {
            "id": "default",
            "primary": 0,
          },
          "value": 200,
        },
      ],
      "stat1_max": 55,
      "stat1_min": 55,
      "stat2_max": 7,
      "stat2_min": 7,
      "stat3_max": 0,
      "stat3_min": 0,
      "stat4_max": 0,
      "stat4_min": 0,
      "stat5_max": 0,
      "stat5_min": 0,
      "stats": Array [
        Object {
          "id": "local_jewel_effect_base_radius",
          "primary": 2823,
          "text": "",
        },
        Object {
          "id": "map_mission_id",
          "primary": 2337,
          "text": "",
        },
      ],
      "tags": Array [],
    },
  },
  Mod {
    "props": Object {
      "correct_group": "MapAtlasStrongboxesAreCorruptedAndUnided",
      "domain": 12,
      "generation_type": 1,
      "id": "MapAtlasStrongboxesAreCorruptedAndUnided",
      "level": 73,
      "mod_type": Object {
        "primary": 3121,
      },
      "name": "",
      "primary": 8792,
      "spawn_weights": Array [
        Object {
          "tag": Object {
            "id": "no_strongboxes",
            "primary": 199,
          },
          "value": 0,
        },
        Object {
          "tag": Object {
            "id": "default",
            "primary": 0,
          },
          "value": 200,
        },
      ],
      "stat1_max": 55,
      "stat1_min": 55,
      "stat2_max": 1,
      "stat2_min": 1,
      "stat3_max": 1,
      "stat3_min": 1,
      "stat4_max": 2,
      "stat4_min": 2,
      "stat5_max": 0,
      "stat5_min": 0,
      "stats": Array [
        Object {
          "id": "local_jewel_effect_base_radius",
          "primary": 2823,
          "text": "",
        },
        Object {
          "id": "map_strongboxes_are_corrupted",
          "primary": 5119,
          "text": "",
        },
        Object {
          "id": "map_num_extra_strongboxes",
          "primary": 2482,
          "text": "",
        },
        Object {
          "id": "map_strongboxes_minimum_rarity",
          "primary": 5180,
          "text": "",
        },
      ],
      "tags": Array [],
    },
  },
  Mod {
    "props": Object {
      "correct_group": "MapAtlasCorruptedMapBossesDropAdditionalVaalItems",
      "domain": 12,
      "generation_type": 1,
      "id": "MapAtlasCorruptedMapBossesDropAdditionalVaalItems",
      "level": 78,
      "mod_type": Object {
        "primary": 3122,
      },
      "name": "",
      "primary": 8793,
      "spawn_weights": Array [
        Object {
          "tag": Object {
            "id": "default",
            "primary": 0,
          },
          "value": 1000,
        },
      ],
      "stat1_max": 55,
      "stat1_min": 55,
      "stat2_max": 1,
      "stat2_min": 1,
      "stat3_max": 5,
      "stat3_min": 5,
      "stat4_max": 0,
      "stat4_min": 0,
      "stat5_max": 0,
      "stat5_min": 0,
      "stats": Array [
        Object {
          "id": "local_jewel_effect_base_radius",
          "primary": 2823,
          "text": "",
        },
        Object {
          "id": "map_corrupted_bosses_drop_x_additional_vaal_items",
          "primary": 5118,
          "text": "",
        },
        Object {
          "id": "map_items_drop_corrupted_%",
          "primary": 5194,
          "text": "",
        },
      ],
      "tags": Array [],
    },
  },
  Mod {
    "props": Object {
      "correct_group": "MapAtlasMagicPackSize",
      "domain": 12,
      "generation_type": 1,
      "id": "MapAtlasMagicPackSize",
      "level": 1,
      "mod_type": Object {
        "primary": 3123,
      },
      "name": "",
      "primary": 8794,
      "spawn_weights": Array [
        Object {
          "tag": Object {
            "id": "no_monster_packs",
            "primary": 198,
          },
          "value": 0,
        },
        Object {
          "tag": Object {
            "id": "default",
            "primary": 0,
          },
          "value": 1000,
        },
      ],
      "stat1_max": 55,
      "stat1_min": 55,
      "stat2_max": 30,
      "stat2_min": 30,
      "stat3_max": 0,
      "stat3_min": 0,
      "stat4_max": 0,
      "stat4_min": 0,
      "stat5_max": 0,
      "stat5_min": 0,
      "stats": Array [
        Object {
          "id": "local_jewel_effect_base_radius",
          "primary": 2823,
          "text": "",
        },
        Object {
          "id": "map_magic_pack_size_+%",
          "primary": 5135,
          "text": "",
        },
      ],
      "tags": Array [],
    },
  },
  Mod {
    "props": Object {
      "correct_group": "MapAtlasRogueExilesDamageAndDropAdditionalJewels",
      "domain": 12,
      "generation_type": 1,
      "id": "MapAtlasRogueExilesDamageAndDropAdditionalJewels",
      "level": 1,
      "mod_type": Object {
        "primary": 3124,
      },
      "name": "",
      "primary": 8795,
      "spawn_weights": Array [
        Object {
          "tag": Object {
            "id": "no_monster_packs",
            "primary": 198,
          },
          "value": 0,
        },
        Object {
          "tag": Object {
            "id": "default",
            "primary": 0,
          },
          "value": 1000,
        },
      ],
      "stat1_max": 55,
      "stat1_min": 55,
      "stat2_max": 20,
      "stat2_min": 20,
      "stat3_max": 20,
      "stat3_min": 20,
      "stat4_max": 2,
      "stat4_min": 2,
      "stat5_max": 1,
      "stat5_min": 1,
      "stats": Array [
        Object {
          "id": "local_jewel_effect_base_radius",
          "primary": 2823,
          "text": "",
        },
        Object {
          "id": "map_rogue_exiles_damage_+%",
          "primary": 5136,
          "text": "",
        },
        Object {
          "id": "map_rogue_exiles_maximum_life_+%",
          "primary": 5137,
          "text": "",
        },
        Object {
          "id": "map_rogue_exiles_drop_x_additional_jewels",
          "primary": 5138,
          "text": "",
        },
        Object {
          "id": "map_spawn_extra_exiles",
          "primary": 2260,
          "text": "",
        },
      ],
      "tags": Array [],
    },
  },
  Mod {
    "props": Object {
      "correct_group": "MapAtlasMagicAndRareMapsHaveAdditionalPacks",
      "domain": 12,
      "generation_type": 1,
      "id": "MapAtlasMagicAndRareMapsHaveAdditionalPacks",
      "level": 1,
      "mod_type": Object {
        "primary": 3125,
      },
      "name": "",
      "primary": 8796,
      "spawn_weights": Array [
        Object {
          "tag": Object {
            "id": "unique_map",
            "primary": 155,
          },
          "value": 0,
        },
        Object {
          "tag": Object {
            "id": "no_monster_packs",
            "primary": 198,
          },
          "value": 0,
        },
        Object {
          "tag": Object {
            "id": "default",
            "primary": 0,
          },
          "value": 1000,
        },
      ],
      "stat1_max": 55,
      "stat1_min": 55,
      "stat2_max": 3,
      "stat2_min": 3,
      "stat3_max": 3,
      "stat3_min": 3,
      "stat4_max": 3,
      "stat4_min": 3,
      "stat5_max": 0,
      "stat5_min": 0,
      "stats": Array [
        Object {
          "id": "local_jewel_effect_base_radius",
          "primary": 2823,
          "text": "",
        },
        Object {
          "id": "map_contains_x_additional_magic_packs_if_magic",
          "primary": 5187,
          "text": "",
        },
        Object {
          "id": "map_contains_x_additional_rare_packs_if_rare",
          "primary": 5186,
          "text": "",
        },
        Object {
          "id": "map_contains_x_additional_normal_packs_if_normal",
          "primary": 5188,
          "text": "",
        },
      ],
      "tags": Array [],
    },
  },
  Mod {
    "props": Object {
      "correct_group": "MapAtlasReducedReflectedDamageTakenMirroredRares",
      "domain": 12,
      "generation_type": 1,
      "id": "MapAtlasReducedReflectedDamageTakenMirroredRares",
      "level": 1,
      "mod_type": Object {
        "primary": 3126,
      },
      "name": "",
      "primary": 8797,
      "spawn_weights": Array [
        Object {
          "tag": Object {
            "id": "default",
            "primary": 0,
          },
          "value": 1000,
        },
      ],
      "stat1_max": 55,
      "stat1_min": 55,
      "stat2_max": 1,
      "stat2_min": 1,
      "stat3_max": 3,
      "stat3_min": 3,
      "stat4_max": 0,
      "stat4_min": 0,
      "stat5_max": 0,
      "stat5_min": 0,
      "stats": Array [
        Object {
          "id": "local_jewel_effect_base_radius",
          "primary": 2823,
          "text": "",
        },
        Object {
          "id": "map_players_cannot_take_reflected_damage",
          "primary": 5120,
          "text": "",
        },
        Object {
          "id": "map_contains_x_additional_packs_with_mirrored_rare_monsters",
          "primary": 5122,
          "text": "",
        },
      ],
      "tags": Array [],
    },
  },
  Mod {
    "props": Object {
      "correct_group": "MapAtlasClustersOfBarrels",
      "domain": 12,
      "generation_type": 1,
      "id": "MapAtlasClustersOfExplosiveBarrels",
      "level": 1,
      "mod_type": Object {
        "primary": 3127,
      },
      "name": "",
      "primary": 8798,
      "spawn_weights": Array [
        Object {
          "tag": Object {
            "id": "default",
            "primary": 0,
          },
          "value": 0,
        },
      ],
      "stat1_max": 55,
      "stat1_min": 55,
      "stat2_max": 30,
      "stat2_min": 30,
      "stat3_max": 10,
      "stat3_min": 10,
      "stat4_max": 0,
      "stat4_min": 0,
      "stat5_max": 0,
      "stat5_min": 0,
      "stats": Array [
        Object {
          "id": "local_jewel_effect_base_radius",
          "primary": 2823,
          "text": "",
        },
        Object {
          "id": "map_area_contains_x_additional_clusters_of_explosive_barrels",
          "primary": 5154,
          "text": "",
        },
        Object {
          "id": "map_bonus_barrel_%",
          "primary": 5155,
          "text": "",
        },
      ],
      "tags": Array [],
    },
  },
  Mod {
    "props": Object {
      "correct_group": "MapAtlasClustersOfBarrels",
      "domain": 12,
      "generation_type": 1,
      "id": "MapAtlasClustersOfWealthyBarrels",
      "level": 1,
      "mod_type": Object {
        "primary": 3128,
      },
      "name": "",
      "primary": 8799,
      "spawn_weights": Array [
        Object {
          "tag": Object {
            "id": "default",
            "primary": 0,
          },
          "value": 50,
        },
      ],
      "stat1_max": 55,
      "stat1_min": 55,
      "stat2_max": 30,
      "stat2_min": 30,
      "stat3_max": 10,
      "stat3_min": 10,
      "stat4_max": 0,
      "stat4_min": 0,
      "stat5_max": 0,
      "stat5_min": 0,
      "stats": Array [
        Object {
          "id": "local_jewel_effect_base_radius",
          "primary": 2823,
          "text": "",
        },
        Object {
          "id": "map_area_contains_x_additional_clusters_of_wealthy_barrels",
          "primary": 5181,
          "text": "",
        },
        Object {
          "id": "map_bonus_barrel_%",
          "primary": 5155,
          "text": "",
        },
      ],
      "tags": Array [],
    },
  },
  Mod {
    "props": Object {
      "correct_group": "MapAtlasClustersOfBarrels",
      "domain": 12,
      "generation_type": 1,
      "id": "MapAtlasClustersOfVolatileBarrels",
      "level": 1,
      "mod_type": Object {
        "primary": 3129,
      },
      "name": "",
      "primary": 8800,
      "spawn_weights": Array [
        Object {
          "tag": Object {
            "id": "default",
            "primary": 0,
          },
          "value": 200,
        },
      ],
      "stat1_max": 55,
      "stat1_min": 55,
      "stat2_max": 30,
      "stat2_min": 30,
      "stat3_max": 10,
      "stat3_min": 10,
      "stat4_max": 0,
      "stat4_min": 0,
      "stat5_max": 0,
      "stat5_min": 0,
      "stats": Array [
        Object {
          "id": "local_jewel_effect_base_radius",
          "primary": 2823,
          "text": "",
        },
        Object {
          "id": "map_area_contains_x_additional_clusters_of_volatile_barrels",
          "primary": 5182,
          "text": "",
        },
        Object {
          "id": "map_bonus_barrel_%",
          "primary": 5155,
          "text": "",
        },
      ],
      "tags": Array [],
    },
  },
  Mod {
    "props": Object {
      "correct_group": "MapAtlasClustersOfBarrels",
      "domain": 12,
      "generation_type": 1,
      "id": "MapAtlasClustersOfBloodwormBarrels",
      "level": 1,
      "mod_type": Object {
        "primary": 3130,
      },
      "name": "",
      "primary": 8801,
      "spawn_weights": Array [
        Object {
          "tag": Object {
            "id": "default",
            "primary": 0,
          },
          "value": 200,
        },
      ],
      "stat1_max": 55,
      "stat1_min": 55,
      "stat2_max": 30,
      "stat2_min": 30,
      "stat3_max": 10,
      "stat3_min": 10,
      "stat4_max": 0,
      "stat4_min": 0,
      "stat5_max": 0,
      "stat5_min": 0,
      "stats": Array [
        Object {
          "id": "local_jewel_effect_base_radius",
          "primary": 2823,
          "text": "",
        },
        Object {
          "id": "map_area_contains_x_additional_clusters_of_bloodworm_barrels",
          "primary": 5183,
          "text": "",
        },
        Object {
          "id": "map_bonus_barrel_%",
          "primary": 5155,
          "text": "",
        },
      ],
      "tags": Array [],
    },
  },
  Mod {
    "props": Object {
      "correct_group": "MapAtlasClustersOfBarrels",
      "domain": 12,
      "generation_type": 1,
      "id": "MapAtlasClustersOfParasiteBarrels",
      "level": 1,
      "mod_type": Object {
        "primary": 3131,
      },
      "name": "",
      "primary": 8802,
      "spawn_weights": Array [
        Object {
          "tag": Object {
            "id": "default",
            "primary": 0,
          },
          "value": 200,
        },
      ],
      "stat1_max": 55,
      "stat1_min": 55,
      "stat2_max": 30,
      "stat2_min": 30,
      "stat3_max": 10,
      "stat3_min": 10,
      "stat4_max": 0,
      "stat4_min": 0,
      "stat5_max": 0,
      "stat5_min": 0,
      "stats": Array [
        Object {
          "id": "local_jewel_effect_base_radius",
          "primary": 2823,
          "text": "",
        },
        Object {
          "id": "map_area_contains_x_additional_clusters_of_parasite_barrels",
          "primary": 5184,
          "text": "",
        },
        Object {
          "id": "map_bonus_barrel_%",
          "primary": 5155,
          "text": "",
        },
      ],
      "tags": Array [],
    },
  },
  Mod {
    "props": Object {
      "correct_group": "MapAtlasClustersOfBarrels",
      "domain": 12,
      "generation_type": 1,
      "id": "MapAtlasClustersOfBeaconBarrels",
      "level": 1,
      "mod_type": Object {
        "primary": 3132,
      },
      "name": "",
      "primary": 8803,
      "spawn_weights": Array [
        Object {
          "tag": Object {
            "id": "default",
            "primary": 0,
          },
          "value": 200,
        },
      ],
      "stat1_max": 55,
      "stat1_min": 55,
      "stat2_max": 30,
      "stat2_min": 30,
      "stat3_max": 10,
      "stat3_min": 10,
      "stat4_max": 0,
      "stat4_min": 0,
      "stat5_max": 0,
      "stat5_min": 0,
      "stats": Array [
        Object {
          "id": "local_jewel_effect_base_radius",
          "primary": 2823,
          "text": "",
        },
        Object {
          "id": "map_area_contains_x_additional_clusters_of_beacon_barrels",
          "primary": 5185,
          "text": "",
        },
        Object {
          "id": "map_bonus_barrel_%",
          "primary": 5155,
          "text": "",
        },
      ],
      "tags": Array [],
    },
  },
  Mod {
    "props": Object {
      "correct_group": "MapAtlasStrongboxMonstersEnrageAndDrops",
      "domain": 12,
      "generation_type": 1,
      "id": "MapAtlasStrongboxMonstersEnrageAndDrops",
      "level": 1,
      "mod_type": Object {
        "primary": 3133,
      },
      "name": "",
      "primary": 8804,
      "spawn_weights": Array [
        Object {
          "tag": Object {
            "id": "hall_of_grandmasters",
            "primary": 200,
          },
          "value": 0,
        },
        Object {
          "tag": Object {
            "id": "no_strongboxes",
            "primary": 199,
          },
          "value": 0,
        },
        Object {
          "tag": Object {
            "id": "default",
            "primary": 0,
          },
          "value": 1000,
        },
      ],
      "stat1_max": 55,
      "stat1_min": 55,
      "stat2_max": 500,
      "stat2_min": 500,
      "stat3_max": 25,
      "stat3_min": 25,
      "stat4_max": 25,
      "stat4_min": 25,
      "stat5_max": 1,
      "stat5_min": 1,
      "stats": Array [
        Object {
          "id": "local_jewel_effect_base_radius",
          "primary": 2823,
          "text": "",
        },
        Object {
          "id": "map_strongbox_monsters_item_quantity_+%",
          "primary": 5140,
          "text": "",
        },
        Object {
          "id": "map_strongbox_monsters_attack_speed_+%",
          "primary": 5142,
          "text": "",
        },
        Object {
          "id": "map_strongbox_monsters_movement_velocity_+%",
          "primary": 5143,
          "text": "",
        },
        Object {
          "id": "map_num_extra_strongboxes",
          "primary": 2482,
          "text": "",
        },
      ],
      "tags": Array [],
    },
  },
  Mod {
    "props": Object {
      "correct_group": "MapAtlasPoisonEffectsAndParasites",
      "domain": 12,
      "generation_type": 1,
      "id": "MapAtlasPoisonEffectsAndParasites",
      "level": 1,
      "mod_type": Object {
        "primary": 3134,
      },
      "name": "",
      "primary": 8805,
      "spawn_weights": Array [
        Object {
          "tag": Object {
            "id": "default",
            "primary": 0,
          },
          "value": 1000,
        },
      ],
      "stat1_max": 55,
      "stat1_min": 55,
      "stat2_max": 10,
      "stat2_min": 10,
      "stat3_max": 5,
      "stat3_min": 5,
      "stat4_max": 8,
      "stat4_min": 8,
      "stat5_max": 0,
      "stat5_min": 0,
      "stats": Array [
        Object {
          "id": "local_jewel_effect_base_radius",
          "primary": 2823,
          "text": "",
        },
        Object {
          "id": "map_damage_+%_per_poison_stack",
          "primary": 5150,
          "text": "",
        },
        Object {
          "id": "map_movement_velocity_+%_per_poison_stack",
          "primary": 5151,
          "text": "",
        },
        Object {
          "id": "map_contains_x_additional_poison_packs",
          "primary": 5152,
          "text": "",
        },
      ],
      "tags": Array [],
    },
  },
  Mod {
    "props": Object {
      "correct_group": "MapAtlasHighValueEnemiesOnOwnTeam",
      "domain": 12,
      "generation_type": 1,
      "id": "MapAtlasHighValueEnemiesOnOwnTeam",
      "level": 1,
      "mod_type": Object {
        "primary": 3135,
      },
      "name": "",
      "primary": 8806,
      "spawn_weights": Array [
        Object {
          "tag": Object {
            "id": "no_monster_packs",
            "primary": 198,
          },
          "value": 0,
        },
        Object {
          "tag": Object {
            "id": "default",
            "primary": 0,
          },
          "value": 100,
        },
      ],
      "stat1_max": 55,
      "stat1_min": 55,
      "stat2_max": 12,
      "stat2_min": 12,
      "stat3_max": 0,
      "stat3_min": 0,
      "stat4_max": 0,
      "stat4_min": 0,
      "stat5_max": 0,
      "stat5_min": 0,
      "stats": Array [
        Object {
          "id": "local_jewel_effect_base_radius",
          "primary": 2823,
          "text": "",
        },
        Object {
          "id": "map_contains_x_additional_packs_on_their_own_team",
          "primary": 5128,
          "text": "",
        },
      ],
      "tags": Array [],
    },
  },
  Mod {
    "props": Object {
      "correct_group": "MapAtlasMontersThatConvertOnDeath",
      "domain": 12,
      "generation_type": 1,
      "id": "MapAtlasMontersThatConvertOnDeath__",
      "level": 1,
      "mod_type": Object {
        "primary": 3136,
      },
      "name": "",
      "primary": 8807,
      "spawn_weights": Array [
        Object {
          "tag": Object {
            "id": "no_monster_packs",
            "primary": 198,
          },
          "value": 0,
        },
        Object {
          "tag": Object {
            "id": "default",
            "primary": 0,
          },
          "value": 1000,
        },
      ],
      "stat1_max": 55,
      "stat1_min": 55,
      "stat2_max": 8,
      "stat2_min": 8,
      "stat3_max": 0,
      "stat3_min": 0,
      "stat4_max": 0,
      "stat4_min": 0,
      "stat5_max": 0,
      "stat5_min": 0,
      "stats": Array [
        Object {
          "id": "local_jewel_effect_base_radius",
          "primary": 2823,
          "text": "",
        },
        Object {
          "id": "map_contains_x_additional_packs_that_convert_on_death",
          "primary": 5127,
          "text": "",
        },
      ],
      "tags": Array [],
    },
  },
  Mod {
    "props": Object {
      "correct_group": "MapAtlasInstantFlasksAndHealingMonsters",
      "domain": 12,
      "generation_type": 1,
      "id": "MapAtlasInstantFlasksAndHealingMonsters",
      "level": 1,
      "mod_type": Object {
        "primary": 3137,
      },
      "name": "",
      "primary": 8808,
      "spawn_weights": Array [
        Object {
          "tag": Object {
            "id": "default",
            "primary": 0,
          },
          "value": 1000,
        },
      ],
      "stat1_max": 55,
      "stat1_min": 55,
      "stat2_max": 1,
      "stat2_min": 1,
      "stat3_max": 8,
      "stat3_min": 8,
      "stat4_max": 0,
      "stat4_min": 0,
      "stat5_max": 0,
      "stat5_min": 0,
      "stats": Array [
        Object {
          "id": "local_jewel_effect_base_radius",
          "primary": 2823,
          "text": "",
        },
        Object {
          "id": "map_player_flask_recovery_is_instant",
          "primary": 5121,
          "text": "",
        },
        Object {
          "id": "map_contains_x_additional_healing_packs",
          "primary": 5123,
          "text": "",
        },
      ],
      "tags": Array [],
    },
  },
  Mod {
    "props": Object {
      "correct_group": "MapAtlasBodyguardsAndBossMapDrops",
      "domain": 12,
      "generation_type": 1,
      "id": "MapAtlasBodyguardsAndBossMapDrops",
      "level": 1,
      "mod_type": Object {
        "primary": 3138,
      },
      "name": "",
      "primary": 8809,
      "spawn_weights": Array [
        Object {
          "tag": Object {
            "id": "no_boss",
            "primary": 197,
          },
          "value": 0,
        },
        Object {
          "tag": Object {
            "id": "default",
            "primary": 0,
          },
          "value": 1000,
        },
      ],
      "stat1_max": 55,
      "stat1_min": 55,
      "stat2_max": 1,
      "stat2_min": 1,
      "stat3_max": 1,
      "stat3_min": 1,
      "stat4_max": 0,
      "stat4_min": 0,
      "stat5_max": 0,
      "stat5_min": 0,
      "stats": Array [
        Object {
          "id": "local_jewel_effect_base_radius",
          "primary": 2823,
          "text": "",
        },
        Object {
          "id": "map_boss_accompanied_by_bodyguards",
          "primary": 5157,
          "text": "",
        },
        Object {
          "id": "map_on_complete_drop_x_additional_maps",
          "primary": 5129,
          "text": "",
        },
      ],
      "tags": Array [],
    },
  },
  Mod {
    "props": Object {
      "correct_group": "MapAtlasCurseEffectOnPlayersAndMonsters",
      "domain": 12,
      "generation_type": 1,
      "id": "MapAtlasCurseEffectOnPlayersAndMonsters",
      "level": 73,
      "mod_type": Object {
        "primary": 3139,
      },
      "name": "",
      "primary": 8810,
      "spawn_weights": Array [
        Object {
          "tag": Object {
            "id": "vaults_of_atziri",
            "primary": 201,
          },
          "value": 0,
        },
        Object {
          "tag": Object {
            "id": "default",
            "primary": 0,
          },
          "value": 1000,
        },
      ],
      "stat1_max": 55,
      "stat1_min": 55,
      "stat2_max": -20,
      "stat2_min": -20,
      "stat3_max": -60,
      "stat3_min": -60,
      "stat4_max": 0,
      "stat4_min": 0,
      "stat5_max": 0,
      "stat5_min": 0,
      "stats": Array [
        Object {
          "id": "local_jewel_effect_base_radius",
          "primary": 2823,
          "text": "",
        },
        Object {
          "id": "map_monster_curse_effect_on_self_+%",
          "primary": 5172,
          "text": "",
        },
        Object {
          "id": "map_player_curse_effect_on_self_+%",
          "primary": 5173,
          "text": "",
        },
      ],
      "tags": Array [],
    },
  },
  Mod {
    "props": Object {
      "correct_group": "MapAtlasAdditionalBreaches",
      "domain": 12,
      "generation_type": 1,
      "id": "MapAtlasAdditionalBreaches",
      "level": 1,
      "mod_type": Object {
        "primary": 3140,
      },
      "name": "",
      "primary": 8811,
      "spawn_weights": Array [
        Object {
          "tag": Object {
            "id": "unique_map",
            "primary": 155,
          },
          "value": 0,
        },
        Object {
          "tag": Object {
            "id": "default",
            "primary": 0,
          },
          "value": 1000,
        },
      ],
      "stat1_max": 55,
      "stat1_min": 55,
      "stat2_max": 1,
      "stat2_min": 1,
      "stat3_max": 1,
      "stat3_min": 1,
      "stat4_max": 0,
      "stat4_min": 0,
      "stat5_max": 0,
      "stat5_min": 0,
      "stats": Array [
        Object {
          "id": "local_jewel_effect_base_radius",
          "primary": 2823,
          "text": "",
        },
        Object {
          "id": "map_contains_additional_breaches",
          "primary": 5503,
          "text": "",
        },
        Object {
          "id": "map_breach_rules",
          "primary": 5098,
          "text": "",
        },
      ],
      "tags": Array [],
    },
  },
]
`;
