// Jest Snapshot v1, https://goo.gl/fbAQLP

exports[`ignores internal spawnweights 1`] = `
Array [
  Object {
    "applicable": Object {
      "above_lld_level": false,
      "already_present": false,
      "domain_full": false,
      "lower_ilvl": false,
      "wrong_domain": false,
    },
    "mod": "GrantsCatAspect1",
  },
  Object {
    "applicable": Object {
      "above_lld_level": false,
      "already_present": false,
      "domain_full": false,
      "lower_ilvl": false,
      "wrong_domain": false,
    },
    "mod": "GrantsBirdAspect1_",
  },
  Object {
    "applicable": Object {
      "above_lld_level": false,
      "already_present": false,
      "domain_full": false,
      "lower_ilvl": false,
      "wrong_domain": false,
    },
    "mod": "GrantsSpiderAspect1",
  },
  Object {
    "applicable": Object {
      "above_lld_level": false,
      "already_present": false,
      "domain_full": false,
      "lower_ilvl": false,
      "wrong_domain": false,
    },
    "mod": "GrantsCrabAspect1_",
  },
]
`;
