// Jest Snapshot v1, https://goo.gl/fbAQLP

exports[`should display Mind Brow Hubris Circlet 1`] = `
<div
  className="poe-item rare"
>
  <header
    className="double-line shaper"
  >
    <span
      className="name-left"
    />
    <div
      className="item-name"
    >
      Mind Brow
    </div>
    <div
      className="item-name type-line"
    >
      <span>
        Hubris Circlet
      </span>
    </div>
    <span
      className="name-right"
    />
  </header>
  <section
    className="body"
  >
    <div
      className="display-property"
    >
      <span>
        quality
      </span>
      : 
      <span
        className="value augmented"
      >
        6%
      </span>
    </div>
    <div
      className="display-property"
    >
      <span>
        energy shield
      </span>
      : 
      <span
        className="value augmented"
      >
        200
      </span>
    </div>
    <div
      className="separator"
    />
    <div
      className="requirements"
    >
      Requires 
      <span>
        level
      </span>
       
      <span
        className="value default"
      >
        69
      </span>
      , 
      <span
        className="value default"
      >
        154
      </span>
       
      <span>
        int
      </span>
    </div>
    <div
      className="separator"
    />
    <div
      className="explicit"
    >
      Place an additional Mine
    </div>
    <div
      className="explicit"
    >
      Socketed Gems are Supported by Level 18 Remote Mine
    </div>
    <div
      className="explicit"
    >
      16% increased Effect of Chill
    </div>
    <div
      className="explicit"
    >
      Socketed Gems are Supported by Level 18 Hypothermia
    </div>
    <div
      className="explicit"
    >
      +1 to Level of Socketed Minion Gems
    </div>
    <div
      className="explicit"
    >
      +67 to maximum Life
    </div>
    <div
      className="explicit"
    >
      18% increased Stun and Block Recovery
    </div>
    <div
      className="explicit"
    >
      Adds 5 to 89 Lightning Damage to Spells
    </div>
  </section>
</div>
`;
