// Jest Snapshot v1, https://goo.gl/fbAQLP

exports[`matches weapons: weapon 1`] = `
Object {
  "base": Object {
    "name": "Metadata/Items/Weapons/OneHandWeapons/Daggers/Dagger20",
  },
  "elder": false,
  "explicitStats": Array [],
  "implicitStats": Array [
    "50% increased Global Critical Strike Chance",
  ],
  "name": undefined,
  "quality": 0,
  "rarity": 0,
  "requirements": Object {
    "dexterity": Value {
      "augmented": false,
      "classification": Array [],
      "modifiers": Array [],
      "range": ValueRange {
        "max": 76,
        "min": 76,
      },
    },
    "intelligence": Value {
      "augmented": false,
      "classification": Array [],
      "modifiers": Array [],
      "range": ValueRange {
        "max": 149,
        "min": 149,
      },
    },
    "level": Value {
      "augmented": false,
      "classification": Array [],
      "modifiers": Array [],
      "range": ValueRange {
        "max": 64,
        "min": 64,
      },
    },
    "strength": Value {
      "augmented": false,
      "classification": Array [],
      "modifiers": Array [],
      "range": ValueRange {
        "max": 0,
        "min": 0,
      },
    },
  },
  "shaper": false,
}
`;
